Renesas Optimizing Linker (W3.03.00 )             31-Oct-2022 13:50:52

*** Options ***

-subcommand=DefaultBuild\NEL_16_35_RFID_CC_V300_22b.clnk
-Input=DefaultBuild\cstart.obj
-Input=DefaultBuild\stkinit.obj
-Input=DefaultBuild\r_main.obj
-Input=DefaultBuild\r_systeminit.obj
-Input=DefaultBuild\r_cg_cgc.obj
-Input=DefaultBuild\r_cg_cgc_user.obj
-Input=DefaultBuild\r_cg_port.obj
-Input=DefaultBuild\r_cg_port_user.obj
-Input=DefaultBuild\r_cg_intc.obj
-Input=DefaultBuild\r_cg_intc_user.obj
-Input=DefaultBuild\r_cg_serial.obj
-Input=DefaultBuild\r_cg_serial_user.obj
-Input=DefaultBuild\r_cg_adc.obj
-Input=DefaultBuild\r_cg_adc_user.obj
-Input=DefaultBuild\r_cg_timer.obj
-Input=DefaultBuild\r_cg_timer_user.obj
-Input=DefaultBuild\r_cg_rtc.obj
-Input=DefaultBuild\r_cg_rtc_user.obj
-Input=DefaultBuild\r_cg_it.obj
-Input=DefaultBuild\r_cg_it_user.obj
-Input=DefaultBuild\adc.obj
-Input=DefaultBuild\Battery_measure.obj
-Input=DefaultBuild\EEPROM.obj
-Input=DefaultBuild\gsm_gprs.obj
-Input=DefaultBuild\interval_timer.obj
-Input=DefaultBuild\mainhandler.obj
-Input=DefaultBuild\power_down.obj
-Input=DefaultBuild\RFID.obj
-Input=DefaultBuild\RTC.obj
-Input=DefaultBuild\uart.obj
-Input=DefaultBuild\USB_Config.obj
-Input=DefaultBuild\ssl_certificates.obj
-Input=DefaultBuild\ftable.obj
-Input=DefaultBuild\MQTT.obj
-Input=DefaultBuild\mqtt_ssl.obj
-LIBrary=lib\pfdl.lib
-SECURITY_ID=00000000000000000000
-DEVICE=C:\Program Files (x86)\Renesas Electronics\CS+\CC\Device\RL78\Devicefile\DR5F100FL.DVF
-DEBug
-NOCOmpress
-NOOPtimize
-OUtput=DefaultBuild\NEL_16_35_RFID_CC_V300_22b.abs
-LIBrary=C:\Program Files (x86)\Renesas Electronics\CS+\CC\CC-RL\V1.10.00\lib\rl78cm4s99.lib
-LIBrary=C:\Program Files (x86)\Renesas Electronics\CS+\CC\CC-RL\V1.10.00\lib\malloc_n.lib
-LIBrary=C:\Program Files (x86)\Renesas Electronics\CS+\CC\CC-RL\V1.10.00\lib\rl78cm4r.lib
-OCDBG=84
-DEBUG_MONITOR=7FE00-7FFFF
-USER_OPT_BYTE=EFF3E1
-VECTN=2=ffff
-VECTN=4=3008
-VECTN=6=300C
-VECTN=8=3010
-VECTN=A=3014
-VECTN=C=3018
-VECTN=E=301C
-VECTN=10=3020
-VECTN=12=3024
-VECTN=14=3028
-VECTN=16=302C
-VECTN=18=3030
-VECTN=1A=3034
-VECTN=1C=3038
-VECTN=1E=303C
-VECTN=20=3040
-VECTN=22=3044
-VECTN=24=3048
-VECTN=26=304C
-VECTN=28=3050
-VECTN=2A=3054
-VECTN=2C=3058
-VECTN=2E=305C
-VECTN=30=3060
-VECTN=32=3064
-VECTN=34=3068
-VECTN=36=306C
-VECTN=38=3070
-VECTN=3A=3074
-VECTN=3C=3078
-VECTN=3E=307C
-VECTN=40=3080
-VECTN=42=3084
-VECTN=44=3088
-VECTN=46=308C
-VECTN=48=3090
-VECTN=4A=3094
-VECTN=4C=3098
-VECTN=4E=309C
-VECTN=50=30A0
-VECTN=52=30A4
-VECTN=54=30A8
-VECTN=56=30AC
-VECTN=58=30B0
-VECTN=5A=30B4
-VECTN=5C=30B8
-VECTN=5E=30BC
-VECTN=60=30C0
-VECTN=62=30C4
-VECTN=7E=30C8
-LISt=DefaultBuild\NEL_16_35_RFID_CC_V300_22b.map
-SHow=ALL
-AUTO_SECTION_LAYOUT
-STARt=.const,.text,.RLIB,.SLIB,.textf,.constf,.data,.sdata,PFDL_COD/03200,.dataR,.bss/F8400,.sdataR,.sbss/FFE80
-ROm=.data=.dataR
-ROm=.sdata=.sdataR
-NOMessage
-NOLOgo
-end

*** Error information ***

W0561321:Entry symbol "_u8_comodo_buff_1" in "DefaultBuild\gsm_gprs.obj" conflicts
W0561321:Entry symbol "_u8_comodo_buff_2" in "DefaultBuild\gsm_gprs.obj" conflicts
W0561321:Entry symbol "_u8_comodo_buff_3" in "DefaultBuild\gsm_gprs.obj" conflicts
W0561321:Entry symbol "_u8_comodo_buff_4" in "DefaultBuild\gsm_gprs.obj" conflicts
W0561321:Entry symbol "_u8_comodo_buff_5" in "DefaultBuild\gsm_gprs.obj" conflicts
W0561321:Entry symbol "_u8_comodo_buff_6" in "DefaultBuild\gsm_gprs.obj" conflicts
W0561321:Entry symbol "_u8_comodo_buff_7" in "DefaultBuild\gsm_gprs.obj" conflicts
W0561321:Entry symbol "_u8_snailecl_buff_1" in "DefaultBuild\gsm_gprs.obj" conflicts
W0561321:Entry symbol "_u8_snailecl_buff_2" in "DefaultBuild\gsm_gprs.obj" conflicts
W0561321:Entry symbol "_u8_snailecl_buff_3" in "DefaultBuild\gsm_gprs.obj" conflicts
W0561321:Entry symbol "_u8_snailecl_buff_4" in "DefaultBuild\gsm_gprs.obj" conflicts
W0561321:Entry symbol "_u8_snailecl_buff_5" in "DefaultBuild\gsm_gprs.obj" conflicts
W0561321:Entry symbol "_u8_snaile_key_buff_1" in "DefaultBuild\gsm_gprs.obj" conflicts
W0561321:Entry symbol "_u8_snaile_key_buff_2" in "DefaultBuild\gsm_gprs.obj" conflicts
W0561321:Entry symbol "_u8_snaile_key_buff_3" in "DefaultBuild\gsm_gprs.obj" conflicts
W0561321:Entry symbol "_u8_snaile_key_buff_4" in "DefaultBuild\gsm_gprs.obj" conflicts
W0561321:Entry symbol "_u8_snaile_key_buff_5" in "DefaultBuild\gsm_gprs.obj" conflicts
W0561321:Entry symbol "_u8_snaile_key_buff_6" in "DefaultBuild\gsm_gprs.obj" conflicts
W0561321:Entry symbol "_u8_snaile_key_buff_7" in "DefaultBuild\gsm_gprs.obj" conflicts
W0561321:Entry symbol "_u8_snaile_key_buff_8" in "DefaultBuild\gsm_gprs.obj" conflicts
W0561321:Entry symbol "_u8_CA1" in "DefaultBuild\MQTT.obj" conflicts
W0561321:Entry symbol "_u8_CA2" in "DefaultBuild\MQTT.obj" conflicts
W0561321:Entry symbol "_u8_CA3" in "DefaultBuild\MQTT.obj" conflicts
W0561321:Entry symbol "_u8_snaile_CRT_buff_1" in "DefaultBuild\MQTT.obj" conflicts
W0561321:Entry symbol "_u8_snaile_CRT_buff_2" in "DefaultBuild\MQTT.obj" conflicts
W0561321:Entry symbol "_u8_snaile_CRT_buff_3" in "DefaultBuild\MQTT.obj" conflicts
W0561321:Entry symbol "_u8_snaile_private_key_buff_1" in "DefaultBuild\MQTT.obj" conflicts
W0561321:Entry symbol "_u8_snaile_private_key_buff_2" in "DefaultBuild\MQTT.obj" conflicts
W0561321:Entry symbol "_u8_snaile_private_key_buff_3" in "DefaultBuild\MQTT.obj" conflicts
W0561321:Entry symbol "_u8_snaile_private_key_buff_4" in "DefaultBuild\MQTT.obj" conflicts
W0561184:Interrupt table address "0x2" of ".vect" is defined

*** Mapping List ***

SECTION                            START      END         SIZE   ALIGN
.vect
                                  00000000  0000007f        80   0
.option_byte
                                  000000c0  000000c3         4   1
.security_id
                                  000000c4  000000cd         a   1
.monitor1
                                  000000ce  000000d7         a   1
.jtext_AT3000
                                  00003000  000030cb        cc   1
.const
                                  00003200  00007e45      4c46   2
.text
                                  00007e46  00007e94        4f   1
.RLIB
                                  00007e95  00008a83       bef   1
.SLIB
                                  00008a84  0000ac51      21ce   1
.textf
                                  0000ac52  000119f2      6da1   1
.constf
                                  000119f4  00011a07        14   2
.data
                                  00011a08  00011acb        c4   2
.sdata
                                  00011acc  00011acc         0   2
PFDL_COD
                                  00011acc  00011b59        8e   2
.monitor2
                                  0007fe00  0007ffff       200   1
.dataR
                                  000f8400  000f84c3        c4   2
.bss
                                  000f84c4  000fd0e7      4c24   2
.sdataR
                                  000ffe80  000ffe80         0   2
.sbss
                                  000ffe80  000ffe80         0   2

*** Total Section Size ***

RAMDATA SECTION:  00004ce8 Byte(s)
ROMDATA SECTION:  00004fb6 Byte(s)
PROGRAM SECTION:  00009d07 Byte(s)

*** Symbol List ***

SECTION=
FILE=                               START        END    SIZE
  SYMBOL                            ADDR        SIZE    INFO      COUNTS  OPT
    STRUCT                                      SIZE
      MEMBER                        ADDR        SIZE    INFO

SECTION=.vect
FILE=rlink_generates_04
                                  00000000  0000007f        80

SECTION=.option_byte
FILE=rlink_generates_01
                                  000000c0  000000c3         4

SECTION=.security_id
FILE=rlink_generates_03
                                  000000c4  000000cd         a

SECTION=.monitor1
FILE=rlink_generates_02
                                  000000ce  000000d7         a

SECTION=.jtext_AT3000
FILE=DefaultBuild\ftable.obj
                                  00003000  000030cb        cc

SECTION=.const
FILE=DefaultBuild\r_main.obj
                                  00003200  0000320b         c
FILE=DefaultBuild\gsm_gprs.obj
                                  0000320c  00003664       459
FILE=DefaultBuild\mainhandler.obj
                                  00003666  00003769       104
FILE=DefaultBuild\power_down.obj
                                  0000376a  0000376a         1
  _illegalInstruction@1@Reset_MCU
                                  0000376a         1   data ,l         1
FILE=DefaultBuild\USB_Config.obj
                                  0000376c  0000388b       120
FILE=DefaultBuild\ssl_certificates.obj
                                  0000388c  00005ee7      265c
  _u8_comodo_buff_1
                                  0000388c       1fe   data ,g         0
  _u8_comodo_buff_2
                                  00003a8a       1fe   data ,g         1
  _u8_comodo_buff_3
                                  00003c88       1fe   data ,g         1
  _u8_comodo_buff_4
                                  00003e86       1fe   data ,g         1
  _u8_comodo_buff_5
                                  00004084       1fe   data ,g         1
  _u8_comodo_buff_6
                                  00004282       1fe   data ,g         1
  _u8_comodo_buff_7
                                  00004480       1fe   data ,g         1
  _u8_snailecl_buff_1
                                  0000467e       1fe   data ,g         1
  _u8_snailecl_buff_2
                                  0000487c       1fe   data ,g         1
  _u8_snailecl_buff_3
                                  00004a7a       1fe   data ,g         1
  _u8_snailecl_buff_4
                                  00004c78       1fe   data ,g         1
  _u8_snailecl_buff_5
                                  00004e76       1fe   data ,g         1
  _u8_snaile_key_buff_1
                                  00005074       1f4   data ,g         1
  _u8_snaile_key_buff_2
                                  00005268       1f4   data ,g         1
  _u8_snaile_key_buff_3
                                  0000545c       1f4   data ,g         1
  _u8_snaile_key_buff_4
                                  00005650       1f4   data ,g         1
  _u8_snaile_key_buff_5
                                  00005844       1f4   data ,g         1
  _u8_snaile_key_buff_6
                                  00005a38       1f4   data ,g         1
  _u8_snaile_key_buff_7
                                  00005c2c       1f4   data ,g         1
  _u8_snaile_key_buff_8
                                  00005e20        c8   data ,g         1
FILE=DefaultBuild\MQTT.obj
                                  00005ee8  00006a81       b9a
FILE=DefaultBuild\mqtt_ssl.obj
                                  00006a82  00007e45      13c4
  _u8_CA1
                                  00006a82       1fe   data ,g         2
  _u8_CA2
                                  00006c80       1fe   data ,g         2
  _u8_CA3
                                  00006e7e       1fe   data ,g         2
  _u8_snaile_CRT_buff_1
                                  0000707c       1fe   data ,g         1
  _u8_snaile_CRT_buff_2
                                  0000727a       1fe   data ,g         1
  _u8_snaile_CRT_buff_3
                                  00007478       1fe   data ,g         1
  _u8_snaile_private_key_buff_1
                                  00007676       1f4   data ,g         1
  _u8_snaile_private_key_buff_2
                                  0000786a       1f4   data ,g         1
  _u8_snaile_private_key_buff_3
                                  00007a5e       1f4   data ,g         1
  _u8_snaile_private_key_buff_4
                                  00007c52       1f4   data ,g         1

SECTION=.text
FILE=DefaultBuild\cstart.obj
                                  00007e46  00007e94        4f
  _start
                                  00007e46         0   none ,g         1
  _exit
                                  00007e93         0   none ,g         1

SECTION=.RLIB
FILE=memcpy
                                  00007e95  00007ea5        11
  _memcpy
                                  00007e95         0   none ,g         2
FILE=memset
                                  00007ea6  00007eb3         e
  _memset
                                  00007ea6         0   none ,g        11
FILE=_COM_fdiv
                                  00007eb4  00008040       18d
  __COM_fdiv
                                  00007f13         0   none ,g         2
FILE=_COM_fmul
                                  00008041  0000815d       11d
  __COM_fmul
                                  0000808c         0   none ,g         5
FILE=_COM_ftoul
                                  0000815e  00008169         c
  __COM_ftoul
                                  0000815e         0   none ,g         2
FILE=_COM_imul
                                  0000816a  00008178         f
  __COM_imul
                                  0000816a         0   none ,g        1b
FILE=_COM_lmul
                                  00008179  000081a0        28
  __COM_lmul
                                  00008179         0   none ,g         9
FILE=_COM_lshl
                                  000081a1  000081bb        1b
  __COM_lshl
                                  000081aa         0   none ,g         1
FILE=_COM_uidiv
                                  000081bc  000081e5        2a
  __COM_uidiv
                                  000081be         0   none ,g         c
FILE=_COM_uirem
                                  000081e6  0000820e        29
  __COM_uirem
                                  000081e6         0   none ,g         9
FILE=_COM_uldiv
                                  0000820f  0000824a        3c
  __COM_uldiv
                                  00008214         0   none ,g         3
FILE=_COM_ulrem
                                  0000824b  00008284        3a
  __COM_ulrem
                                  0000824d         0   none ,g         3
FILE=_COM_ultof
                                  00008285  0000828a         6
  __COM_ultof
                                  00008285         0   none ,g         2
FILE=_REL_ftol
                                  0000828b  000082bf        35
  __REL_ftol
                                  0000828b         0   none ,g         2
FILE=_REL_f_inf
                                  000082c0  000082c7         8
  __REL_f_inf
                                  000082c0         0   none ,g         4
FILE=_REL_f_norm
                                  000082c8  000082d7        10
  __REL_f_norm
                                  000082c8         0   none ,g         3
FILE=_REL_f_round
                                  000082d8  000082ea        13
  __REL_f_round
                                  000082d8         0   none ,g         2
FILE=_REL_ltof
                                  000082eb  00008334        4a
  __REL_ltof
                                  000082eb         0   none ,g         1
FILE=_COM_feq
                                  00008335  0000834a        16
  __COM_feq
                                  00008335         0   none ,g         2
FILE=_COM_fge
                                  0000834b  00008360        16
  __COM_fge
                                  0000834b         0   none ,g         1
FILE=_COM_flt
                                  00008361  00008376        16
  __COM_flt
                                  00008361         0   none ,g         3
FILE=_COM_fne
                                  00008377  00008387        11
  __COM_fne
                                  00008377         0   none ,g         3
FILE=_COM_ftosl
                                  00008388  0000838f         8
  __COM_ftosl
                                  00008388         0   none ,g         1
FILE=_COM_funordered
                                  00008390  0000839a         b
  __COM_funordered
                                  00008390         0   none ,g         2
FILE=_COM_lshr
                                  0000839b  000083bb        21
  __COM_lshr
                                  000083a5         0   none ,g         1
FILE=_COM_sidiv
                                  000083bc  000083dd        22
  __COM_sidiv
                                  000083be         0   none ,g         2
FILE=_COM_sirem
                                  000083de  000083fd        20
  __COM_sirem
                                  000083de         0   none ,g         1
FILE=_COM_ulldiv
                                  000083fe  00008427        2a
  __COM_ulldiv
                                  000083fe         0   none ,g         1
FILE=_COM_ullrem
                                  00008428  00008458        31
  __COM_ullrem
                                  00008428         0   none ,g         1
FILE=_REL_fcmp
                                  00008459  00008490        38
  __REL_fcmp
                                  00008459         0   none ,g         3
FILE=_REL_fordered_core
                                  00008491  000084ac        1c
  __REL_fordered_core
                                  00008491         0   none ,g         4
FILE=_REL_lldiv
                                  000084ad  00008788       2dc
  __REL_lldiv
                                  000084e2         0   none ,g         1
FILE=_REL_llrem
                                  00008789  00008a5e       2d6
  __REL_llrem
                                  000087bf         0   none ,g         1
FILE=_REL_ltosl
                                  00008a5f  00008a83        25
  __REL_ltosl
                                  00008a5f         0   none ,g         1

SECTION=.SLIB
FILE=atoi
                                  00008a84  00008aba        37
  _atoi
                                  00008a84        37   func ,g        14
FILE=sprintf
                                  00008abb  00008b74        ba
  _sprintf
                                  00008abb        a2   func ,g        2d
  __REL_sp@1
                                  00008b5d        18   func ,l         2
FILE=strcat
                                  00008b75  00008b87        13
  _strcat
                                  00008b75         0   none ,g        11
FILE=strchr
                                  00008b88  00008b95         e
  _strchr
                                  00008b88         0   none ,g        20
FILE=strcmp
                                  00008b96  00008ba6        11
  _strcmp
                                  00008b96         0   none ,g        1e
FILE=strcpy
                                  00008ba7  00008bb3         d
  _strcpy
                                  00008ba7         0   none ,g         e
FILE=strlen
                                  00008bb4  00008bbe         b
  _strlen
                                  00008bb4         0   none ,g        17
FILE=strncpy
                                  00008bbf  00008bd2        14
  _strncpy
                                  00008bbf         0   none ,g         f
FILE=strstr
                                  00008bd3  00008bf1        1f
  _strstr
                                  00008bd3         0   none ,g        13
FILE=strtok
                                  00008bf2  00008c4e        5d
  _strtok
                                  00008bf2         0   none ,g         6
FILE=strtol
                                  00008c4f  00008e37       1e9
  _strtol
                                  00008c4f       1b9   func ,g         1
  __CommonCode@5
                                  00008e08         3   func ,l         6
  __CommonCode@3
                                  00008e0b         9   func ,l         3
  __CommonCode@2
                                  00008e14         c   func ,l         2
  __CommonCode@4
                                  00008e20         d   func ,l         2
  __CommonCode@1
                                  00008e2d         6   func ,l         2
  __CommonCode@0
                                  00008e33         5   func ,l         3
FILE=_COM_strpbrk_ff
                                  00008e38  00008e5a        23
  __COM_strpbrk_ff
                                  00008e38         0   none ,g         1
FILE=_COM_strspn_ff
                                  00008e5b  00008e80        26
  __COM_strspn_ff
                                  00008e5b         0   none ,g         1
FILE=_REL_print
                                  00008e81  0000ac16      1d96
  __REL_print
                                  00008e81      1478   func ,g         1
  __CommonCode@112
                                  0000a2f9         8   func ,l         3
  __CommonCode@104
                                  0000a301         a   func ,l         5
  __CommonCode@103
                                  0000a30b         6   func ,l         4
  __CommonCode@100
                                  0000a311         4   func ,l         3
  __CommonCode@99
                                  0000a315         c   func ,l         2
  __CommonCode@98
                                  0000a321         7   func ,l         8
  __CommonCode@86
                                  0000a328         4   func ,l         2
  __CommonCode@82
                                  0000a32c         4   func ,l         4
  __CommonCode@97
                                  0000a330         8   func ,l         3
  __CommonCode@80
                                  0000a338         6   func ,l         2
  __CommonCode@79
                                  0000a33e         c   func ,l         3
  __CommonCode@78
                                  0000a34a         c   func ,l         2
  __CommonCode@96
                                  0000a356         7   func ,l         3
  __CommonCode@77
                                  0000a35d         6   func ,l         2
  __CommonCode@76
                                  0000a363         6   func ,l         2
  __CommonCode@75
                                  0000a369         9   func ,l         2
  __CommonCode@74
                                  0000a372         c   func ,l         2
  __CommonCode@110
                                  0000a37e         5   func ,l         8
  __CommonCode@73
                                  0000a383         6   func ,l         2
  __CommonCode@107
                                  0000a389         9   func ,l         2
  __CommonCode@72
                                  0000a392         6   func ,l         3
  __CommonCode@70
                                  0000a398         8   func ,l         2
  __CommonCode@69
                                  0000a3a0         a   func ,l         2
  __CommonCode@68
                                  0000a3aa         a   func ,l         2
  __CommonCode@87
                                  0000a3b4         7   func ,l         4
  __CommonCode@67
                                  0000a3bb        1e   func ,l         2
  __CommonCode@66
                                  0000a3d9         4   func ,l         2
  __CommonCode@93
                                  0000a3dd         6   func ,l         2
  __CommonCode@111
                                  0000a3e3         7   func ,l         5
  __CommonCode@88
                                  0000a3ea         5   func ,l         2
  __CommonCode@95
                                  0000a3ef         6   func ,l         2
  __CommonCode@65
                                  0000a3f5         7   func ,l         2
  __CommonCode@64
                                  0000a3fc         9   func ,l         2
  __CommonCode@63
                                  0000a405         a   func ,l         2
  __CommonCode@62
                                  0000a40f         8   func ,l         4
  __CommonCode@61
                                  0000a417         c   func ,l         2
  __CommonCode@60
                                  0000a423         a   func ,l         2
  __CommonCode@113
                                  0000a42d         6   func ,l         4
  __CommonCode@59
                                  0000a433         7   func ,l         2
  __CommonCode@58
                                  0000a43a        10   func ,l         2
  __CommonCode@57
                                  0000a44a         a   func ,l         2
  __CommonCode@56
                                  0000a454         8   func ,l         2
  __CommonCode@55
                                  0000a45c         5   func ,l         3
  __CommonCode@94
                                  0000a461         7   func ,l         2
  __CommonCode@54
                                  0000a468         8   func ,l         2
  __CommonCode@53
                                  0000a470         d   func ,l         2
  __CommonCode@52
                                  0000a47d         6   func ,l         3
  __CommonCode@51
                                  0000a483         7   func ,l         2
  __CommonCode@50
                                  0000a48a         a   func ,l         2
  __CommonCode@49
                                  0000a494         7   func ,l         3
  __CommonCode@48
                                  0000a49b         9   func ,l         2
  __CommonCode@47
                                  0000a4a4         6   func ,l         4
  __CommonCode@46
                                  0000a4aa         5   func ,l         6
  __CommonCode@45
                                  0000a4af         f   func ,l         2
  __CommonCode@44
                                  0000a4be         9   func ,l         2
  __CommonCode@43
                                  0000a4c7         7   func ,l         2
  __CommonCode@42
                                  0000a4ce         7   func ,l         2
  __CommonCode@41
                                  0000a4d5        11   func ,l         2
  __CommonCode@40
                                  0000a4e6         9   func ,l         2
  __CommonCode@39
                                  0000a4ef         7   func ,l         2
  __CommonCode@38
                                  0000a4f6         a   func ,l         2
  __CommonCode@37
                                  0000a500         c   func ,l         2
  __CommonCode@36
                                  0000a50c         9   func ,l         2
  __CommonCode@35
                                  0000a515         b   func ,l         2
  __CommonCode@34
                                  0000a520         6   func ,l         2
  __CommonCode@91
                                  0000a526         5   func ,l         2
  __CommonCode@114
                                  0000a52b         3   func ,l         3
  __CommonCode@33
                                  0000a52e         6   func ,l         4
  __CommonCode@32
                                  0000a534         f   func ,l         2
  __CommonCode@31
                                  0000a543         6   func ,l         2
  __CommonCode@85
                                  0000a549         3   func ,l        1c
  __CommonCode@30
                                  0000a54c         8   func ,l         2
  __CommonCode@29
                                  0000a554         d   func ,l         3
  __CommonCode@81
                                  0000a561         e   func ,l         2
  __CommonCode@92
                                  0000a56f         9   func ,l         2
  __CommonCode@28
                                  0000a578         9   func ,l         2
  __CommonCode@27
                                  0000a581         6   func ,l         2
  __CommonCode@26
                                  0000a587         6   func ,l         2
  __CommonCode@25
                                  0000a58d         6   func ,l         5
  __CommonCode@24
                                  0000a593         4   func ,l         4
  __CommonCode@109
                                  0000a597         4   func ,l         3
  __CommonCode@115
                                  0000a59b         8   func ,l         3
  __CommonCode@23
                                  0000a5a3         7   func ,l         3
  __CommonCode@22
                                  0000a5aa         6   func ,l         3
  __CommonCode@108
                                  0000a5b0         8   func ,l         3
  __CommonCode@21
                                  0000a5b8        19   func ,l         7
  __CommonCode@20
                                  0000a5d1         7   func ,l         4
  __CommonCode@19
                                  0000a5d8         c   func ,l         4
  __CommonCode@18
                                  0000a5e4         5   func ,l        10
  __CommonCode@17
                                  0000a5e9         4   func ,l         8
  __CommonCode@16
                                  0000a5ed         a   func ,l         2
  __CommonCode@15
                                  0000a5f7         e   func ,l         3
  __CommonCode@10
                                  0000a605         b   func ,l         2
  __CommonCode@9
                                  0000a610         9   func ,l         3
  __CommonCode@8
                                  0000a619        12   func ,l         2
  __CommonCode@84
                                  0000a62b         3   func ,l        14
  __CommonCode@5
                                  0000a62e         4   func ,l         7
  __CommonCode@4
                                  0000a632         8   func ,l         2
  __CommonCode@3
                                  0000a63a        12   func ,l         2
  __CommonCode@105
                                  0000a64c         8   func ,l         2
  __CommonCode@2
                                  0000a654         7   func ,l         2
  __CommonCode@1
                                  0000a65b         c   func ,l         2
  __CommonCode@0
                                  0000a667         7   func ,l         3
  __REL_henkan1@1
                                  0000a66e        1d   func ,l         2
  __CommonCode@7
                                  0000a68b         7   func ,l         2
  __CommonCode@11
                                  0000a692         c   func ,l         2
  __CommonCode@90
                                  0000a69e         8   func ,l         3
  __CommonCode@12
                                  0000a6a6         a   func ,l         2
  __CommonCode@13
                                  0000a6b0         9   func ,l         2
  __CommonCode@14
                                  0000a6b9         7   func ,l         2
  __CommonCode@89
                                  0000a6c0         6   func ,l         5
  __REL_pri@1
                                  0000a6c6       23b   func ,l         2
  __CommonCode@83
                                  0000a901         4   func ,l         5
  __REL_fltgeti@1
                                  0000a905       1bf   func ,l         1
  __CommonCode@6
                                  0000aac4         7   func ,l         2
  __REL_inmod@1
                                  0000aacb       14c   func ,l         1
FILE=isalnum
                                  0000ac17  0000ac2e        18
  _isalnum
                                  0000ac17         0   none ,g         1
FILE=isdigit
                                  0000ac2f  0000ac38         a
  _isdigit
                                  0000ac2f         0   none ,g         2
FILE=isspace
                                  0000ac39  0000ac47         f
  _isspace
                                  0000ac39         0   none ,g         1
FILE=isupper
                                  0000ac48  0000ac51         a
  _isupper
                                  0000ac48         0   none ,g         1

SECTION=.textf
FILE=DefaultBuild\stkinit.obj
                                  0000ac52  0000ac95        44
  _stkinit
                                  0000ac52         0   none ,g         0
  LSTINIT1
                                  0000ac60         0   none ,l         1
  LSTINIT2
                                  0000ac8a         0   none ,l         2
  LSTINIT3
                                  0000ac95         0   none ,l         2
FILE=DefaultBuild\r_main.obj
                                  0000ac96  0000adca       135
  _main
                                  0000ac96       131   func ,g         1
  _R_MAIN_UserInit
                                  0000adc7         4   func ,g         1
FILE=DefaultBuild\r_systeminit.obj
                                  0000adcb  0000ae36        6c
  _R_Systeminit
                                  0000adcb        65   func ,g         1
  _hdwinit
                                  0000ae30         7   func ,g         1
FILE=DefaultBuild\r_cg_cgc.obj
                                  0000ae37  0000ae78        42
  _R_CGC_Create
                                  0000ae37        42   func ,g         1
FILE=DefaultBuild\r_cg_cgc_user.obj
                                  0000ae79  0000ae7f         7
  _R_CGC_Get_ResetSource
                                  0000ae79         7   func ,g         1
FILE=DefaultBuild\r_cg_port.obj
                                  0000ae80  0000aea7        28
  _R_PORT_Create
                                  0000ae80        28   func ,g         1
FILE=DefaultBuild\r_cg_intc.obj
                                  0000aea8  0000af2a        83
  _R_INTC_Create
                                  0000aea8        39   func ,g         1
  _R_INTC3_Start
                                  0000aee1         7   func ,g         1
  _R_INTC3_Stop
                                  0000aee8         7   func ,g         0
  _R_KEY_Create
                                  0000aeef        2e   func ,g         1
  _R_KEY_Start
                                  0000af1d         7   func ,g         2
  _R_KEY_Stop
                                  0000af24         7   func ,g         0
FILE=DefaultBuild\r_cg_intc_user.obj
                                  0000af2b  0000af49        1f
  _r_intc3_interrupt
                                  0000af2b        1a   func ,g         1
  _r_key_interrupt
                                  0000af45         5   func ,g         1
FILE=DefaultBuild\r_cg_serial.obj
                                  0000af4a  0000b330       3e7
  _R_SAU0_Create
                                  0000af4a        14   func ,g         3
  _R_UART0_Create
                                  0000af5e        93   func ,g         1
  _R_UART0_Start
                                  0000aff1        28   func ,g         1
  _R_UART0_Stop
                                  0000b019        1f   func ,g         1
  _R_UART0_Receive
                                  0000b038        2c   func ,g         2
  _R_UART0_Send
                                  0000b064        3a   func ,g         1
  _R_UART1_Create
                                  0000b09e        93   func ,g         5
  _R_UART1_Start
                                  0000b131        28   func ,g         4
  _R_UART1_Stop
                                  0000b159        1f   func ,g         1
  _R_UART1_Receive
                                  0000b178        2c   func ,g         4
  _R_UART1_Send
                                  0000b1a4        3a   func ,g         1
  _R_SAU1_Create
                                  0000b1de        13   func ,g         2
  _R_UART2_Create
                                  0000b1f1        93   func ,g         1
  _R_UART2_Start
                                  0000b284        28   func ,g         2
  _R_UART2_Stop
                                  0000b2ac        1f   func ,g         1
  _R_UART2_Receive
                                  0000b2cb        2c   func ,g         2
  _R_UART2_Send
                                  0000b2f7        3a   func ,g         1
FILE=DefaultBuild\r_cg_serial_user.obj
                                  0000b331  0000b59d       26d
  _r_uart0_interrupt_receive
                                  0000b331        78   func ,g         1
  _r_uart0_interrupt_send
                                  0000b3a9        38   func ,g         1
  _r_uart0_callback_receiveend@1
                                  0000b3e1        10   func ,l         1
  _r_uart0_callback_softwareoverrun@1
                                  0000b3f1         5   func ,l         1
  _r_uart0_callback_sendend@1
                                  0000b3f6         4   func ,l         1
  _r_uart0_callback_error@1
                                  0000b3fa         5   func ,l         1
  _r_uart1_interrupt_receive
                                  0000b3ff        78   func ,g         1
  _r_uart1_interrupt_send
                                  0000b477        38   func ,g         1
  _r_uart1_callback_receiveend@1
                                  0000b4af        10   func ,l         1
  _r_uart1_callback_softwareoverrun@1
                                  0000b4bf         5   func ,l         1
  _r_uart1_callback_sendend@1
                                  0000b4c4         4   func ,l         1
  _r_uart1_callback_error@1
                                  0000b4c8         5   func ,l         1
  _r_uart2_interrupt_receive
                                  0000b4cd        78   func ,g         1
  _r_uart2_interrupt_send
                                  0000b545        38   func ,g         1
  _r_uart2_callback_receiveend@1
                                  0000b57d        10   func ,l         1
  _r_uart2_callback_softwareoverrun@1
                                  0000b58d         5   func ,l         1
  _r_uart2_callback_sendend@1
                                  0000b592         4   func ,l         1
  _r_uart2_callback_error@1
                                  0000b596         8   func ,l         1
FILE=DefaultBuild\r_cg_adc.obj
                                  0000b59e  0000b5e5        48
  _R_ADC_Create
                                  0000b59e        2d   func ,g         2
  _R_ADC_Start
                                  0000b5cb         4   func ,g         1
  _R_ADC_Stop
                                  0000b5cf         4   func ,g         1
  _R_ADC_Set_OperationOn
                                  0000b5d3         4   func ,g         2
  _R_ADC_Set_OperationOff
                                  0000b5d7         4   func ,g         1
  _R_ADC_Get_Result
                                  0000b5db         b   func ,g         1
FILE=DefaultBuild\r_cg_timer.obj
                                  0000b5e6  0000b671        8c
  _R_TAU0_Create
                                  0000b5e6        6c   func ,g         3
  _R_TAU0_Channel0_Start
                                  0000b652        10   func ,g         3
  _R_TAU0_Channel0_Stop
                                  0000b662        10   func ,g         1
FILE=DefaultBuild\r_cg_timer_user.obj
                                  0000b672  0000b68b        1a
  _r_tau0_channel0_interrupt
                                  0000b672        1a   func ,g         1
FILE=DefaultBuild\r_cg_rtc.obj
                                  0000b68c  0000b8dc       251
  _R_RTC_Create
                                  0000b68c        27   func ,g         1
  _R_RTC_Start
                                  0000b6b3         a   func ,g         1
  _R_RTC_Stop
                                  0000b6bd         a   func ,g         2
  _R_RTC_Get_CounterValue
                                  0000b6c7        9d   func ,g         1
  _R_RTC_Set_CounterValue
                                  0000b764        fe   func ,g         1
  _R_RTC_Set_ConstPeriodInterruptOn
                                  0000b862        5f   func ,g         1
  _R_RTC_Set_ConstPeriodInterruptOff
                                  0000b8c1        1c   func ,g         4
FILE=DefaultBuild\r_cg_rtc_user.obj
                                  0000b8dd  0000b91b        3f
  _r_rtc_interrupt
                                  0000b8dd        3a   func ,g         1
  _r_rtc_callback_constperiod@1
                                  0000b917         5   func ,l         1
FILE=DefaultBuild\r_cg_it.obj
                                  0000b91c  0000b94f        34
  _R_IT_Create
                                  0000b91c        1a   func ,g         1
  _R_IT_Start
                                  0000b936         d   func ,g         1
  _R_IT_Stop
                                  0000b943         d   func ,g         0
FILE=DefaultBuild\r_cg_it_user.obj
                                  0000b950  0000b969        1a
  _r_it_interrupt
                                  0000b950        1a   func ,g         1
FILE=DefaultBuild\adc.obj
                                  0000b96a  0000b998        2f
  _v_Init_ADC
                                  0000b96a         5   func ,g         0
  _u16_AD_Conv
                                  0000b96f        2a   func ,g         1
FILE=DefaultBuild\Battery_measure.obj
                                  0000b999  0000ba97        ff
  _v_battery_measure
                                  0000b999        ff   func ,g         1
FILE=DefaultBuild\EEPROM.obj
                                  0000ba98  0000bf21       48a
  _Erase_Dconfig_Data_Flash
                                  0000ba98        8f   func ,g         1
  _Write_Dconfig_Data_Flash
                                  0000bb27        a5   func ,g         7
  _Erase_RFID_Data_Flash
                                  0000bbcc        90   func ,g         4
  _v_Write_RFID_DF_data
                                  0000bc5c        c9   func ,g         1
  _v_Write_Cert_DF_data_flash
                                  0000bd25       16b   func ,g         2
  _Erase_Cert_Data_Flash
                                  0000be90        92   func ,g         1
FILE=DefaultBuild\gsm_gprs.obj
                                  0000bf22  0000d89d      197c
  _Convert_Time_To_Bcd
                                  0000bf22        37   func ,g         0
  _Hex_to_Bcd
                                  0000bf59        29   func ,g         6
  _u8_HTTP_Config_TCP
                                  0000bf82        5d   func ,g         1
  _u8_HTTP_Open
                                  0000bfdf        65   func ,g         1
  _u8_HTTP_GET
                                  0000c044        48   func ,g         1
  _u8_GSM_PDP_Activate
                                  0000c08c        e4   func ,g         1
  _u8_GSM_SSL_Config
                                  0000c170        ba   func ,g         0
  _u8_GSM_TCP_Activate
                                  0000c22a        36   func ,g         1
  _u8_Gsm_Wait_For_AT_response
                                  0000c260        49   func ,g         4
  _u8_Network_Select
                                  0000c2a9       136   func ,g         0
  _u8_Network_CFG
                                  0000c3df        58   func ,g         0
  _u8_Wait_For_NW_Connection
                                  0000c437        90   func ,g         2
  _u8_Wait_For_SIM_register
                                  0000c4c7        c0   func ,g         1
  _u8_GPRS_Init
                                  0000c587        d5   func ,g         3
  _u8_Get_Network_Signal_Strength
                                  0000c65c        b5   func ,g         1
  _u8_Get_Network_Time
                                  0000c711       3e8   func ,g         0
  _RTC_Update_From_GSM
                                  0000caf9        37   func ,g         4
  _GSM_Initial_Configuration
                                  0000cb30        59   func ,g         1
  _RTC_Update_To_GSM
                                  0000cb89        90   func ,g         1
  _u8_HTTP_Open_Connection
                                  0000cc19        d5   func ,g         0
  _u8_GSM_HTTP_Data_Write
                                  0000ccee        8b   func ,g         0
  _u8_Update_SSL_Crt_To_UFS
                                  0000cd79       21f   func ,g         0
  _v_GSM_Rx_Isr
                                  0000cf98       11c   func ,g         1
  _v_Gsm_Hardware_Init
                                  0000d0b4        4b   func ,g         5
  _v_Gsm_Power_Down
                                  0000d0ff        2e   func ,g         5
  _v_GSM_Timeout_Handler
                                  0000d12d        40   func ,g         1
  _u8_Get_CCID_IMEI
                                  0000d16d        b5   func ,g         2
  _u8_GSM_GPRS_reception_Handler
                                  0000d222       67c   func ,g        78
FILE=DefaultBuild\interval_timer.obj
                                  0000d89e  0000dbb4       317
  _v_Scheduler
                                  0000d89e       183   func ,g         1
  _v_Button_Timer
                                  0000da21       157   func ,g         1
  _v_Micro_Delay
                                  0000db78        2b   func ,g         4
  _v_delay_ms
                                  0000dba3        12   func ,g        39
FILE=DefaultBuild\mainhandler.obj
                                  0000dbb5  0000eb6f       fbb
  _u32_checksum_calculate
                                  0000dbb5        45   func ,g         a
  _Reload_configuration
                                  0000dbfa       103   func ,g         1
  _Read_Dconfig_Data_Flash
                                  0000dcfd        4f   func ,g         2
  _Read_RFID_Data_Flash
                                  0000dd4c        4b   func ,g         2
  _Read_Cert_Data_Flash
                                  0000dd97        5c   func ,g         1
  _Read_Cert_Data_Flash2
                                  0000ddf3        5c   func ,g         1
  _v_GSM_Data_Format_Send
                                  0000de4f       20b   func ,g         2
  _v_usb_mode_handler
                                  0000e05a         9   func ,g         1
  _u8_byte_array_compare
                                  0000e063        40   func ,g         1
  _v_zero_adding_for_low_length_rfid
                                  0000e0a3        8a   func ,g         1
  _v_normal_mode_handler
                                  0000e12d       885   func ,g         1
  _v_rtc_check_polling
                                  0000e9b2        cc   func ,g         1
  _u8_Check_Working_Time
                                  0000ea7e        f2   func ,g         2
FILE=DefaultBuild\power_down.obj
                                  0000eb70  0000ebbf        50
  _Select_Power_Mode
                                  0000eb70        3a   func ,g         1
  _Reset_MCU
                                  0000ebaa        16   func ,g         3
FILE=DefaultBuild\RFID.obj
                                  0000ebc0  0000f098       4d9
  _v_rfid_rx_isr
                                  0000ebc0       16f   func ,g         1
  _v_RFID_Scheduler
                                  0000ed2f        50   func ,g         1
  _v_RFID_Turn_ON
                                  0000ed7f        15   func ,g         1
  _v_RFID_Turn_OFF
                                  0000ed94         e   func ,g         1
  _v_RFID_Command_Send
                                  0000eda2        cb   func ,g         4
  _v_RFID_Data_Send
                                  0000ee6d         a   func ,g         8
  _u8_RFID_Check_Packet_Received
                                  0000ee77        3a   func ,g         5
  _v_clear_RFID_data_buf
                                  0000eeb1        4e   func ,g         3
  _u8_RFID_RX_Checksum_Check
                                  0000eeff        c5   func ,g         1
  _u8_RFID_Poling_Command_Send
                                  0000efc4        1b   func ,g         1
  _u8_RFID_High_Sensitivity_Command_Send
                                  0000efdf        1e   func ,g         1
  _u8_RFID_Dense_Reader_Command_Send
                                  0000effd        1e   func ,g         1
  _u8_RFID_Set_Query_Command_Send
                                  0000f01b        23   func ,g         1
  _u8_RFID_Reception_Handler
                                  0000f03e        5b   func ,g         1
FILE=DefaultBuild\RTC.obj
                                  0000f099  0000f28a       1f2
  _v_update_date_time
                                  0000f099       16d   func ,g         4
  _BCDToDecimal
                                  0000f206        1c   func ,g         c
  _DecimalToBCD
                                  0000f222        2b   func ,g         0
  _v_RTC_Get_Time
                                  0000f24d        3e   func ,g         4
FILE=DefaultBuild\uart.obj
                                  0000f28b  0000f363        d9
  _v_cmd_send
                                  0000f28b        87   func ,g         3
  _v_uart_str_send
                                  0000f312        22   func ,g        69
  _v_byte_array_send
                                  0000f334        30   func ,g        29
FILE=DefaultBuild\USB_Config.obj
                                  0000f364  000103d2      106f
  _u32_calculate_scanning_timeout
                                  0000f364        b8   func ,g         1
  _u8_USB_data_handling
                                  0000f41c       7e5   func ,g         1
  _ASCII_hex_converter
                                  0000fc01        43   func ,g        15
  _USB_Response
                                  0000fc44        2b   func ,g         1
  _v_usb_configuration
                                  0000fc6f        9c   func ,g         1
  _set_usb_connected
                                  0000fd0b         4   func ,g         1
  _get_usb_connection_status
                                  0000fd0f         8   func ,g         1
  _clear_usb_connection_status
                                  0000fd17         4   func ,g         2
  _v_USB_RX_ISR
                                  0000fd1b        5e   func ,g         1
  _Update_Configuration
                                  0000fd79       45f   func ,g         1
  _Update_restart_time
                                  000101d8       16f   func ,g         1
  _clk_fun
                                  00010347        8c   func ,g         b
FILE=DefaultBuild\MQTT.obj
                                  000103d3  000119f2      1620
  _u8_Wait_For_mqtt_Connection
                                  000103d3        95   func ,g         3
  _Subscribe_to_AWS_Topics
                                  00010468        c2   func ,g         1
  _Publish_Handshake
                                  0001052a       1fb   func ,g         2
  _AWS_Thing_Provisioning
                                  00010725       143   func ,g         1
  _Registration_request
                                  00010868       1ba   func ,g         1
  _MQTT_Reception_Handler
                                  00010a22       27e   func ,g         2
  _u8_MQTT_PDP_Activate
                                  00010ca0        67   func ,g         0
  _Config_Acknowledgement
                                  00010d07       1e0   func ,g         2
  _OTA_Acknowledgement
                                  00010ee7       1d1   func ,g         1
  _Mqtt_SSL_Update_to_RAM
                                  000110b8       18c   func ,g         1
  _Mqtt_SSL_Config
                                  00011244        f7   func ,g         3
  _Provisioning_And_Registration
                                  0001133b       3ee   func ,g         2
  _Rails_registration
                                  00011729       269   func ,g         2
  _Subscribe_to_Rails_Topic
                                  00011992        61   func ,g         1

SECTION=.constf
FILE=_REL_print
                                  000119f4  00011a07        14

SECTION=.data
FILE=DefaultBuild\r_main.obj
                                  00011a08  00011a0c         5
FILE=DefaultBuild\adc.obj
                                  00011a0e  00011a0f         2
FILE=DefaultBuild\Battery_measure.obj
                                  00011a10  00011a19         a
FILE=DefaultBuild\EEPROM.obj
                                  00011a1a  00011a1b         2
FILE=DefaultBuild\gsm_gprs.obj
                                  00011a1c  00011a57        3c
FILE=DefaultBuild\interval_timer.obj
                                  00011a58  00011a5f         8
FILE=DefaultBuild\mainhandler.obj
                                  00011a60  00011a8e        2f
FILE=DefaultBuild\RFID.obj
                                  00011a90  00011a96         7
FILE=DefaultBuild\USB_Config.obj
                                  00011a98  00011ab8        21
FILE=DefaultBuild\MQTT.obj
                                  00011aba  00011ac9        10
FILE=errno
                                  00011aca  00011acb         2

SECTION=PFDL_COD
FILE=pfdl
                                  00011acc  00011b59        8e
  _PFDL_Open
                                  00011acc         0   none ,g         7
  PFDL_Open
                                  00011acc         0   none ,g         0
  _PFDL_Execute
                                  00011ae7         0   none ,g         7
  PFDL_Execute
                                  00011ae7         0   none ,g         0
  PFDL_Execute_firmware
                                  00011b1d         0   none ,l         1
  PFDL_Execute_erase
                                  00011b27         0   none ,l         1
  PFDL_Execute_read
                                  00011b38         0   none ,l         1
  PFDL_Execute_read_next
                                  00011b3c         0   none ,l         1
  PFDL_Execute_exit
                                  00011b47         0   none ,l         1
  _PFDL_Handler
                                  00011b48         0   none ,g         7
  PFDL_Handler
                                  00011b48         0   none ,g         0
  _PFDL_Close
                                  00011b4e         0   none ,g         7
  PFDL_Close
                                  00011b4e         0   none ,g         0

SECTION=.monitor2
FILE=rlink_generates_02
                                  0007fe00  0007ffff       200

SECTION=.dataR
FILE=DefaultBuild\r_main.obj
                                  000f8400  000f8404         5
  _m
                                  000f8400         1   data ,g         0
  _u8_mode_change_flag
                                  000f8401         1   data ,g         3
  _u8_i
                                  000f8402         1   data ,g         0
  _u8_j
                                  000f8403         1   data ,g         0
  _u8_status
                                  000f8404         1   data ,g         0
FILE=DefaultBuild\adc.obj
                                  000f8406  000f8407         2
  _u16_ADC_Value
                                  000f8406         2   data ,g         2
FILE=DefaultBuild\Battery_measure.obj
                                  000f8408  000f8411         a
  _u32_battery_sample_charge
                                  000f8408         4   data ,g        1b
  _u16_battery_charge
                                  000f840c         2   data ,g         4
  _u8_get_battery_status
                                  000f840e         1   data ,g         5
  _u16_battery_charge_count
                                  000f8410         2   data ,g         6
FILE=DefaultBuild\EEPROM.obj
                                  000f8412  000f8413         2
  _Error
                                  000f8412         1   data ,g         0
  _write_success
                                  000f8413         1   data ,g         3
FILE=DefaultBuild\gsm_gprs.obj
                                  000f8414  000f844f        3c
  _u8_GSM_Status
                                  000f8414         1   data ,g         2
  _u32_Gsm_At_Cmd_Tmo
                                  000f8416         4   data ,g         a
  _u8_TCP_Status
                                  000f841a         1   data ,g         4
  _u8_Network_Status
                                  000f841b         1   data ,g         5
  _u8_Recv_Data_Use_Flag
                                  000f841c         1   data ,g         0
  _vu16_Gsm_Rx_Tmo
                                  000f841e         2   data ,g         0
  _u16_sub_pkt_counter
                                  000f8420         2   data ,g         6
  _vu8_Recv_flag
                                  000f8422         1   data ,g         6
  _u8_Gsm_Rx_Pkt_Counter
                                  000f8423         1   data ,g        11
  _u8_Gsm_Rx_Status_Counter
                                  000f8424         1   data ,g         9
  _u8_Gsm_Rx_Status_Start_Counter
                                  000f8425         1   data ,g        30
  _u16_Gsm_Cur_Buffer_Count
                                  000f8426         2   data ,g         a
  _u16_Recv_Data_Count
                                  000f8428         2   data ,g         1
  _u16_Server_Data_Length
                                  000f842a         2   data ,g         0
  _u8_Server_Data_Recv_Flag
                                  000f842c         1   data ,g         0
  _u8_Gsm_Uart_Error_Flag
                                  000f842d         1   data ,g         0
  _u32_Gsm_Retry_Tmo
                                  000f842e         4   data ,g        12
  _u8_SIM_Insert
                                  000f8432         1   data ,g         5
  _u8_GSM_Com_Retry_count
                                  000f8433         1   data ,g         0
  _u8_Tcp_Reconnect_Count
                                  000f8434         1   data ,g         0
  _u8_PDP_Status
                                  000f8435         1   data ,g         1
  _u8_GSM_Send_Flag
                                  000f8436         1   data ,g         2
  _u8_CME_Error_Code
                                  000f8437         1   data ,g         5
  _u32_Network_Strength
                                  000f8438         4   data ,g        10
  _u16_CA0_length
                                  000f843c         2   data ,g         2
  _u16_CK0_length
                                  000f843e         2   data ,g         2
  _u8_FW_File_Size
                                  000f8440         f   data ,g         1
  _first_time_provisioning
                                  000f844f         1   data ,g         6
FILE=DefaultBuild\interval_timer.obj
                                  000f8450  000f8457         8
  _u16_Delay_ms
                                  000f8450         2   data ,g         4
  _u8_Key_Press_Timeout_counter
                                  000f8452         1   data ,g         4
  _u8_Button_Press
                                  000f8453         1   data ,g         6
  _power_on_status
                                  000f8454         1   data ,g         7
  _power_on_led_indication
                                  000f8455         1   data ,g         6
  _power_of_led_indication
                                  000f8456         1   data ,g         6
  _u8_button_press_wait
                                  000f8457         1   data ,g         3
FILE=DefaultBuild\mainhandler.obj
                                  000f8458  000f8486        2f
  _DConfig_DF_Ptr
                                  000f8458         2   data ,g         6
  _u8_System_Err
                                  000f845a         1   data ,g        1f
  _u16_DConfig_DF_Write_Position
                                  000f845c         2   data ,g         a
  _u32_RFID_DF_Write_Position
                                  000f845e         4   data ,g        11
  _u8_RFID_DF_Read_Ptr
                                  000f8462         2   data ,g         9
  _u32_Cert_DF_Write_Position
                                  000f8464         4   data ,g         d
  _u8_Cert_DF_Read_Ptr
                                  000f8468         2   data ,g         2
  _u32_CertPvt_DF_Write_Position
                                  000f846a         4   data ,g         9
  _u8_CertPvt_DF_Read_Ptr
                                  000f846e         2   data ,g         2
  _u8_APP_State
                                  000f8470         1   data ,g        1c
  _u32_current_scanning_timeout
                                  000f8472         4   data ,g        12
  _u32_RFID_New_Data_Location_Ptr
                                  000f8476         4   data ,g         b
  _u8_GSM_Data_Format_Sel
                                  000f847a         1   data ,g         b
  _u8_Device_State
                                  000f847b         1   data ,g         9
  _u8_mqtt_status
                                  000f847c         1   data ,g         8
  _u8_reset_flag
                                  000f847d         1   data ,g         2
  _u8_debug_mode_check
                                  000f847e         1   data ,g         5
  _u32_Current_Retry_Timeout
                                  000f8480         2   data ,g         a
  _u8_Wakeup_Hand_Shake_Stauts
                                  000f8482         1   data ,g         6
  _u8_previous_System_Err
                                  000f8483         1   data ,g         5
  _u8_Force_Start_Handshake_Flag
                                  000f8484         1   data ,g         4
  _u8_Force_Initial_RFID_Scan
                                  000f8485         1   data ,g         4
  _Registered_Flag
                                  000f8486         1   data ,g         0
FILE=DefaultBuild\RFID.obj
                                  000f8488  000f848e         7
  _u8_RFID_Packet_Counter
                                  000f8488         1   data ,g        14
  _u8_RFID_Get_Packet_Counter
                                  000f8489         1   data ,g         6
  _u8_RFID_data_ptr
                                  000f848a         1   data ,g        13
  _u16_RFID_Response_Tmo
                                  000f848c         2   data ,g         4
  _u8_RFID_Overflag
                                  000f848e         1   data ,g         2
FILE=DefaultBuild\USB_Config.obj
                                  000f8490  000f84b0        21
  _u8_USB_Cmd
                                  000f8490         1   data ,g         5
  _u8_USB_data_rcv_status
                                  000f8491         1   data ,g        13
  _u8_usb_byte_counter
                                  000f8492         1   data ,g         d
  _USB_data_rev_flg
                                  000f8493         1   data ,g         8
  _u16_new_time
                                  000f8494         2   data ,g         0
  _u16_URL_length
                                  000f8496         2   data ,g         3
  _usb_connection_success
                                  000f8498         1   data ,g         3
  _u8_USB_Config_Err
                                  000f8499         1   data ,g         3
  _u8_timezone
                                  000f849a        16   data ,g         9
  _update_done_flag
                                  000f84b0         1   data ,g         2
FILE=DefaultBuild\MQTT.obj
                                  000f84b2  000f84c1        10
  _MQTT_RECV_FLAG
                                  000f84b2         1   data ,g         a
  _MQTT_OPEN_FLAG
                                  000f84b3         1   data ,g         1
  _MQTT_STAT_FAIL
                                  000f84b4         1   data ,g         2
  _Reconnect_flag
                                  000f84b5         1   data ,g         0
  _MQTT_PUB_SUCC_FLAG
                                  000f84b6         1   data ,g         7
  _MQTT_SUB_SUCC_FLAG
                                  000f84b7         1   data ,g         1
  _MQTT_CONN_SUCCESS_FLAG
                                  000f84b8         1   data ,g         1
  _MQTT_PDP_FAIL_FLAG
                                  000f84b9         1   data ,g         5
  _MQT_PDP_RECONNECT_FLAG
                                  000f84ba         1   data ,g         0
  _MQT_RECONNECT_FLAG
                                  000f84bb         1   data ,g         0
  _PEM_CERT
                                  000f84bc         1   data ,g         3
  _PVT_CERT
                                  000f84bd         1   data ,g         3
  _length1
                                  000f84be         2   data ,g         4
  _length2
                                  000f84c0         2   data ,g         4
FILE=errno
                                  000f84c2  000f84c3         2
  _errno
                                  000f84c2         2   data ,g         3

SECTION=.bss
FILE=DefaultBuild\r_main.obj
                                  000f84c4  000f85c5       102
  _D_Config_Packet
                                  000f84c4       100   data ,g        b4
    union   {
                                                 100
      _D_Config_Packet.All
                                  000f84c4       100   unsigned char
      _D_Config_Packet.Member
                                  000f84c4       100
    struct  {
                                                 100
      _D_Config_Packet.Member.u32_scanning_timeout
                                  000f84c4         4   unsigned long
      _D_Config_Packet.Member.u8_day_start_time_hr
                                  000f84c8         2   unsigned short
      _D_Config_Packet.Member.u8_day_start_time_min
                                  000f84ca         1   unsigned char
      _D_Config_Packet.Member.u8_day_End_time_hr
                                  000f84cb         1   unsigned char
      _D_Config_Packet.Member.u8_day_End_time_min
                                  000f84cc         1   unsigned char
      _D_Config_Packet.Member.u8_current_time_hr
                                  000f84cd         1   unsigned char
      _D_Config_Packet.Member.u8_current_time_min
                                  000f84ce         1   unsigned char
      _D_Config_Packet.Member.u8_current_time_sec
                                  000f84cf         1   unsigned char
      _D_Config_Packet.Member.u8_current_date
                                  000f84d0         1   unsigned char
      _D_Config_Packet.Member.u8_current_month
                                  000f84d1         1   unsigned char
      _D_Config_Packet.Member.u16_current_year
                                  000f84d2         2   unsigned short
      _D_Config_Packet.Member.u8_password
                                  000f84d4         8   unsigned char
      _D_Config_Packet.Member.u16_GMT_hr
                                  000f84dc         2   unsigned short
      _D_Config_Packet.Member.u16_GMT_min
                                  000f84de         2   unsigned short
      _D_Config_Packet.Member.u16_GMT_sec
                                  000f84e0         2   unsigned short
      _D_Config_Packet.Member.u8_timezone_sign
                                  000f84e2         1   unsigned char
      _D_Config_Packet.Member.u16_time_zone_hr
                                  000f84e4         2   unsigned short
      _D_Config_Packet.Member.u16_time_zone_min
                                  000f84e6         2   unsigned short
      _D_Config_Packet.Member.u8_URL
                                  000f84e8        80   unsigned char
      _D_Config_Packet.Member.u8_apn
                                  000f8568        12   unsigned char
      _D_Config_Packet.Member.u16_Config_id
                                  000f857a         2   unsigned short
      _D_Config_Packet.Member.u16_Version_id
                                  000f857c         2   unsigned short
      _D_Config_Packet.Member.u8_dummy1
                                  000f857e         6   unsigned char
      _D_Config_Packet.Member.Registration_Flag
                                  000f8584         1   unsigned char
      _D_Config_Packet.Member.Provinsion_Flag
                                  000f8585         1   unsigned char
      _D_Config_Packet.Member.u8_Dummy_Byte
                                  000f8586        39   unsigned char
      _D_Config_Packet.Member.u32_Checksum_Value
                                  000f85c0         4   unsigned long
    }
    }
  _u8_Configuration_mode
                                  000f85c4         1   data ,g         8
  _ret
                                  000f85c5         1   data ,g         0
FILE=DefaultBuild\r_cg_serial.obj
                                  000f85c6  000f85e3        1e
  _gp_uart0_tx_address
                                  000f85c6         2   data ,g         5
  _g_uart0_tx_count
                                  000f85c8         2   data ,g         4
  _gp_uart0_rx_address
                                  000f85ca         2   data ,g         3
  _g_uart0_rx_count
                                  000f85cc         2   data ,g         4
  _g_uart0_rx_length
                                  000f85ce         2   data ,g         3
  _gp_uart1_tx_address
                                  000f85d0         2   data ,g         5
  _g_uart1_tx_count
                                  000f85d2         2   data ,g         4
  _gp_uart1_rx_address
                                  000f85d4         2   data ,g         3
  _g_uart1_rx_count
                                  000f85d6         2   data ,g         4
  _g_uart1_rx_length
                                  000f85d8         2   data ,g         3
  _gp_uart2_tx_address
                                  000f85da         2   data ,g         5
  _g_uart2_tx_count
                                  000f85dc         2   data ,g         4
  _gp_uart2_rx_address
                                  000f85de         2   data ,g         3
  _g_uart2_rx_count
                                  000f85e0         2   data ,g         4
  _g_uart2_rx_length
                                  000f85e2         2   data ,g         3
FILE=DefaultBuild\r_cg_serial_user.obj
                                  000f85e4  000f85e6         3
  _gsm_rx_data
                                  000f85e4         1   data ,g         5
  _usb_rx_data
                                  000f85e5         1   data ,g         3
  _rfid_rx_data
                                  000f85e6         1   data ,g         3
FILE=DefaultBuild\gsm_gprs.obj
                                  000f85e8  000fa418      1e31
  _vu8_Gsm_Rx_Buffer
                                  000f85e8      1770   data ,g        38
  _vu8_Recv_Data
                                  000f9d58         a   data ,g         0
  _vu8_GSM_Packet_Status
                                  000f9d62        1e   data ,g         5
  _u8_gsm_gprs_rx
                                  000f9d80         1   data ,g         0
  _u8_GSM_Response_Identifier
                                  000f9d81        c8   data ,g        18
  _u8_SSL_String
                                  000f9e49        32   data ,g         8
  _u8_Network_Sec
                                  000f9e7b         1   data ,g         7
  _u8_Network_Min
                                  000f9e7c         1   data ,g         7
  _u8_Network_Hr
                                  000f9e7d         1   data ,g         7
  _u8_Network_Date
                                  000f9e7e         1   data ,g         7
  _u8_Network_Month
                                  000f9e7f         1   data ,g         7
  _u8_Network_Year
                                  000f9e80         1   data ,g         7
  _u8_URC_Response
                                  000f9e81        32   data ,g         2
  _u8_SIM_Status
                                  000f9eb3        32   data ,g         2
  _u8_network_Location_buf
                                  000f9ee5         a   data ,g         2
  _u8_network_mode
                                  000f9eef         1   data ,g         5
  _u8_APN_Buf
                                  000f9ef0        32   data ,g         2
  _u16_CC0_length
                                  000f9f22         2   data ,g         2
  _u8_GSM_Data_String
                                  000f9f24        96   data ,g         8
  _u8_temp_buff
                                  000f9fba       400   data ,g         2
  _CCID_num
                                  000fa3ba        1e   data ,g         9
  _IMEI_num
                                  000fa3d8        1e   data ,g        12
  _clock
                                  000fa3f6        23   data ,g         4
FILE=DefaultBuild\interval_timer.obj
                                  000fa41a  000fa41a         1
  _u8_Key_interrupt_flag
                                  000fa41a         1   data ,g         3
FILE=DefaultBuild\mainhandler.obj
                                  000fa41c  000fa451        36
  _u8_RFID_New_Data_Count
                                  000fa41c         1   data ,g         c
  _u8_RFID_Current_Packet
                                  000fa41d         1   data ,g         d
  _u8_SSL_Connection_retry_count
                                  000fa41e         1   data ,g         3
  _u8_Debug_Key_flag
                                  000fa41f         1   data ,g         6
  _u8_RFID_Fail_Retry_Count
                                  000fa420         1   data ,g         3
  _u8_PDP_activate_retry_count
                                  000fa421         1   data ,g         1
  _u8_GSM_Init_Retry_count
                                  000fa422         1   data ,g         6
  _u8_RFID_Send_Retry_Count
                                  000fa423         1   data ,g         6
  _u8_HTTP_response
                                  000fa424         a   data ,g         0
  _u8_LED_Set_Blink_Count
                                  000fa42e         1   data ,g         a
  _u8_Debug_LED_Number_Of_Blinks
                                  000fa42f         1   data ,g         3
  _u8_Debug_LED_Set_Number_Of_Blinks
                                  000fa430         1   data ,g         4
  _u16_DEBUG_LED_Blink_Count
                                  000fa432         2   data ,g         a
  _u16_DEBUG_LED_Set_Blink_Count
                                  000fa434         2   data ,g         4
  _u16_DATA_LED_Blink_Count
                                  000fa436         2   data ,g         e
  _u16_PDP_LED_Blink_Count
                                  000fa438         2   data ,g         e
  _u8_TestRFID
                                  000fa43a        18   data ,g         0
FILE=DefaultBuild\RFID.obj
                                  000fa452  000fa663       212
  _RFID_DF_Data_Packet
                                  000fa452        10   data ,g         e
    union   {
                                                  10
      _RFID_DF_Data_Packet.All
                                  000fa452        10   unsigned char
      _RFID_DF_Data_Packet.Member
                                  000fa452        10
    struct  {
                                                  10
      _RFID_DF_Data_Packet.Member.u8_RFID_data
                                  000fa452         c   unsigned char
      _RFID_DF_Data_Packet.Member.u32_Checksum_Value
                                  000fa45e         4   unsigned long
    }
    }
  _u8_RFID_Pool
                                  000fa462       1e0   data ,g        15
    union   {
                                                  18
      _u8_RFID_Pool.All
                                  000fa462        18   unsigned char
      _u8_RFID_Pool.Member
                                  000fa462        18
    struct  {
                                                  18
      _u8_RFID_Pool.Member.u8_RFID_Header
                                  000fa462         1   unsigned char
      _u8_RFID_Pool.Member.u8_RFID_Type
                                  000fa463         1   unsigned char
      _u8_RFID_Pool.Member.u8_RFID_Command
                                  000fa464         1   unsigned char
      _u8_RFID_Pool.Member.u8_RFID_len_MSB
                                  000fa465         1   unsigned char
      _u8_RFID_Pool.Member.u8_RFID_len_LSB
                                  000fa466         1   unsigned char
      _u8_RFID_Pool.Member.Paramter
                                  000fa467        11   unsigned char
      _u8_RFID_Pool.Member.u8_RFID_checksum
                                  000fa478         1   unsigned char
      _u8_RFID_Pool.Member.u8_RFID_END
                                  000fa479         1   unsigned char
    }
    }
  _u8_RFID_Data_Received
                                  000fa642        14   data ,g         a
  _u16_RFID_len
                                  000fa656         2   data ,g         6
  _u16_RFID_RX_Tmo
                                  000fa658         2   data ,g         4
  _u8_RFID_Parameter
                                  000fa65a         a   data ,g         8
FILE=DefaultBuild\RTC.obj
                                  000fa664  000fa670         d
  _u8_system_current_hour
                                  000fa664         1   data ,g         a
  _u8_system_current_min
                                  000fa665         1   data ,g         a
  _u8_system_current_sec
                                  000fa666         1   data ,g         4
  _u8_system_current_date
                                  000fa667         1   data ,g         5
  _u8_system_current_month
                                  000fa668         1   data ,g         6
  _u8_system_current_year
                                  000fa669         1   data ,g         6
  _rtc_System_Time
                                  000fa66a         7   data ,g        14
    struct  {
                                                   7
      _rtc_System_Time.sec
                                  000fa66a         1   unsigned char
      _rtc_System_Time.min
                                  000fa66b         1   unsigned char
      _rtc_System_Time.hour
                                  000fa66c         1   unsigned char
      _rtc_System_Time.day
                                  000fa66d         1   unsigned char
      _rtc_System_Time.week
                                  000fa66e         1   unsigned char
      _rtc_System_Time.month
                                  000fa66f         1   unsigned char
      _rtc_System_Time.year
                                  000fa670         1   unsigned char
    }
FILE=DefaultBuild\uart.obj
                                  000fa672  000fa674         3
  _u8_uart0_Tx_Flag
                                  000fa672         1   data ,g         3
  _u8_uart1_Tx_Flag
                                  000fa673         1   data ,g         3
  _u8_uart2_Tx_Flag
                                  000fa674         1   data ,g         3
FILE=DefaultBuild\USB_Config.obj
                                  000fa676  000fa723        ae
  _u8_usb_configration_buffer
                                  000fa676        64   data ,g        27
  _u8_usb_data
                                  000fa6da         a   data ,g         2
  _u8_range
                                  000fa6e4         a   data ,g         0
  _u16_USB_detection_timeout
                                  000fa6ee         2   data ,g         0
  _u8_new_password
                                  000fa6f0         7   data ,g         5
  _u16_apn_length
                                  000fa6f8         2   data ,g         2
  _rtc_current_counter_value
                                  000fa6fa         7   data ,g         0
    struct  {
                                                   7
      _rtc_current_counter_value.sec
                                  000fa6fa         1   unsigned char
      _rtc_current_counter_value.min
                                  000fa6fb         1   unsigned char
[...]
                                          0031(0000fd90:.textf)
                                          0031(000101ec:.textf)
                                          0034(00010a93:.textf)
                                          0034(00010b90:.textf)
                                          0034(000113f9:.textf)
                                          0034(00011560:.textf)
                                          0034(000116b7:.textf)
0043 strlen
     SECTION=.SLIB
                 _strlen
                                 00008bb4 0024(0000bfec:.textf)
                                          0024(0000cc68:.textf)
                                          0024(0000cc70:.textf)
                                          0026(0000df4c:.textf)
                                          0026(0000df8d:.textf)
                                          0026(0000dfa2:.textf)
                                          0026(0000dfbd:.textf)
                                          0026(0000dfd5:.textf)
                                          0031(0000fa05:.textf)
                                          0031(0000fa19:.textf)
                                          0031(0000fbaa:.textf)
                                          0034(000105d4:.textf)
                                          0034(00010793:.textf)
                                          0034(000108e2:.textf)
                                          0034(00010d5c:.textf)
                                          0034(00010e3b:.textf)
                                          0034(00010f33:.textf)
                                          0034(0001100c:.textf)
                                          0034(0001137d:.textf)
                                          0034(000114c4:.textf)
                                          0034(0001162b:.textf)
                                          0034(0001176c:.textf)
                                          0034(00011776:.textf)
0044 strncpy
     SECTION=.SLIB
                 _strncpy
                                 00008bbf 0031(0000fdcc:.textf)
                                          0031(0000fe74:.textf)
                                          0031(0000ff12:.textf)
                                          0031(0000ff97:.textf)
                                          0031(0001001d:.textf)
                                          0031(0001008e:.textf)
                                          0031(00010100:.textf)
                                          0031(0001015f:.textf)
                                          0031(00010228:.textf)
                                          0031(000102d1:.textf)
                                          0034(00010a6c:.textf)
                                          0034(00010b69:.textf)
                                          0034(000113cf:.textf)
                                          0034(00011536:.textf)
                                          0034(00011690:.textf)
0045 strstr
     SECTION=.SLIB
                 _strstr
                                 00008bd3 0031(0000fd9c:.textf)
                                          0031(0000fe44:.textf)
                                          0031(0000fee5:.textf)
                                          0031(0000ff6a:.textf)
                                          0031(0000fff0:.textf)
                                          0031(00010061:.textf)
                                          0031(000100d3:.textf)
                                          0031(00010132:.textf)
                                          0031(000101f8:.textf)
                                          0031(000102a1:.textf)
                                          0034(0001050b:.textf)
                                          0034(00010a3f:.textf)
                                          0034(00010aac:.textf)
                                          0034(00010b39:.textf)
                                          0034(00010c65:.textf)
                                          0034(00010c8b:.textf)
                                          0034(0001139f:.textf)
                                          0034(000114ec:.textf)
                                          0034(00011653:.textf)
0046 strtok
     SECTION=.SLIB
                 _strtok
                                 00008bf2 0034(0001141e:.textf)
                                          0034(0001146c:.textf)
                                          0034(000114ab:.textf)
                                          0034(00011585:.textf)
                                          0034(000115d3:.textf)
                                          0034(00011612:.textf)
     SECTION=.bss
0047 memcpy
     SECTION=.RLIB
                 _memcpy
                                 00007e95 0029(0000f1be:.textf)
                                          0034(0001136e:.textf)
0048 memset
     SECTION=.RLIB
                 _memset
                                 00007ea6 0024(0000cbab:.textf)
                                          0024(0000cfb0:.textf)
                                          0024(0000cfc1:.textf)
                                          0024(0000d0cc:.textf)
                                          0024(0000d0d7:.textf)
                                          0026(0000dc0e:.textf)
                                          0026(0000dda6:.textf)
                                          0026(0000de08:.textf)
                                          0026(0000de65:.textf)
                                          0026(0000de92:.textf)
                                          0028(0000eef2:.textf)
                                          0031(0000fbf6:.textf)
                                          0034(00011432:.textf)
                                          0034(00011504:.textf)
                                          0034(00011511:.textf)
                                          0034(00011599:.textf)
                                          0034(0001166b:.textf)
0049 _COM_fdiv
     SECTION=.RLIB
                 __COM_fdiv
                                 00007f13 0022(0000ba62:.textf)
                                          0064(0000a4f3:.SLIB)
0050 _COM_fmul
     SECTION=.RLIB
                 __COM_fmul
                                 0000808c 0022(0000b9ef:.textf)
                                          0022(0000b9fd:.textf)
                                          0022(0000ba71:.textf)
                                          0064(0000997e:.SLIB)
                                          0064(0000a4d2:.SLIB)
0051 _COM_ftoul
     SECTION=.RLIB
                 __COM_ftoul
                                 0000815e 0022(0000ba03:.textf)
                                          0022(0000ba77:.textf)
0052 _COM_imul
     SECTION=.RLIB
                 __COM_imul
                                 0000816a 0024(0000d278:.textf)
                                          0024(0000d37d:.textf)
                                          0024(0000d39f:.textf)
                                          0024(0000d407:.textf)
                                          0024(0000d429:.textf)
                                          0024(0000d48d:.textf)
                                          0024(0000d4af:.textf)
                                          0024(0000d513:.textf)
                                          0024(0000d535:.textf)
                                          0024(0000d599:.textf)
                                          0024(0000d5bb:.textf)
                                          0024(0000d648:.textf)
                                          0024(0000d658:.textf)
                                          0024(0000d68c:.textf)
                                          0024(0000d714:.textf)
                                          0024(0000d736:.textf)
                                          0024(0000d793:.textf)
                                          0024(0000d7ad:.textf)
                                          0024(0000d7d4:.textf)
                                          0024(0000d7ee:.textf)
                                          0024(0000d810:.textf)
                                          0024(0000d834:.textf)
                                          0024(0000d85f:.textf)
                                          0034(0001188c:.textf)
                                          0034(000118a5:.textf)
                                          0034(0001194e:.textf)
                                          0034(00011967:.textf)
0053 _COM_lmul
     SECTION=.RLIB
                 __COM_lmul
                                 00008179 0024(0000c6c1:.textf)
                                          0031(0000f69e:.textf)
                                          0031(0000f6df:.textf)
                                          0031(0000f725:.textf)
                                          0031(0000f774:.textf)
                                          0031(0000f7b5:.textf)
                                          0031(0000f7fb:.textf)
                                          0031(0000f951:.textf)
                                          0061(00008d99:.SLIB)
0054 _COM_lshl
     SECTION=.RLIB
                 __COM_lshl
                                 000081aa 0031(0000f518:.textf)
0055 _COM_uidiv
     SECTION=.RLIB
                 __COM_uidiv
                                 000081be 0029(0000f0ce:.textf)
                                          0029(0000f0f7:.textf)
                                          0029(0000f120:.textf)
                                          0029(0000f149:.textf)
                                          0029(0000f172:.textf)
                                          0029(0000f19b:.textf)
                                          0029(0000f239:.textf)
                                          0034(0001187d:.textf)
                                          0034(0001193f:.textf)
                                          0064(00009a4f:.SLIB)
                                          0064(0000a49f:.SLIB)
                                          0081(000083d4:.RLIB)
0056 _COM_uirem
     SECTION=.RLIB
                 __COM_uirem
                                 000081e6 0029(0000f0c3:.textf)
                                          0029(0000f0ec:.textf)
                                          0029(0000f115:.textf)
                                          0029(0000f13e:.textf)
                                          0029(0000f167:.textf)
                                          0029(0000f190:.textf)
                                          0029(0000f22e:.textf)
                                          0064(0000a498:.SLIB)
                                          0082(000083f4:.RLIB)
0057 _COM_uldiv
     SECTION=.RLIB
                 __COM_uldiv
                                 00008214 0031(0000f554:.textf)
                                          0061(00008d78:.SLIB)
                                          0064(000092c1:.SLIB)
0058 _COM_ulrem
     SECTION=.RLIB
                 __COM_ulrem
                                 0000824d 0026(0000e2cf:.textf)
                                          0031(0000f3c7:.textf)
                                          0064(000092af:.SLIB)
0059 _COM_ultof
     SECTION=.RLIB
                 __COM_ultof
                                 00008285 0022(0000b9e1:.textf)
                                          0022(0000ba54:.textf)
0060 errno
     SECTION=.dataR
                 _errno
                                 000f84c2 0037(00008a9e:.SLIB)
                                          0037(00008ab5:.SLIB)
                                          0061(00008df1:.SLIB)
     SECTION=.data
0061 strtol
     SECTION=.SLIB
                 _strtol
                                 00008c4f 0037(00008a89:.SLIB)
0062 _COM_strpbrk_ff
     SECTION=.SLIB
                 __COM_strpbrk_ff
                                 00008e38 0046(00008c12:.SLIB)
0063 _COM_strspn_ff
     SECTION=.SLIB
                 __COM_strspn_ff
                                 00008e5b 0046(00008c07:.SLIB)
0064 _REL_print
     SECTION=.SLIB
                 __REL_print
                                 00008e81 0038(00008b22:.SLIB)
     SECTION=.constf
     SECTION=.bss
0065 _REL_ftol
     SECTION=.RLIB
                 __REL_ftol
                                 0000828b 0051(00008164:.RLIB)
                                          0078(00008389:.RLIB)
0066 _REL_f_inf
     SECTION=.RLIB
                 __REL_f_inf
                                 000082c0 0049(00007efd:.RLIB)
                                          0049(00007ffc:.RLIB)
                                          0050(0000805e:.RLIB)
                                          0050(00008131:.RLIB)
0067 _REL_f_norm
     SECTION=.RLIB
                 __REL_f_norm
                                 000082c8 0049(00007ede:.RLIB)
                                          0049(00007f09:.RLIB)
                                          0050(0000807f:.RLIB)
0068 _REL_f_round
     SECTION=.RLIB
                 __REL_f_round
                                 000082d8 0049(0000803e:.RLIB)
                                          0050(0000813e:.RLIB)
0069 _REL_ltof
     SECTION=.RLIB
                 __REL_ltof
                                 000082eb 0059(00008288:.RLIB)
0070 isalnum
     SECTION=.SLIB
                 _isalnum
                                 0000ac17 0061(00008e0f:.SLIB)
0071 isdigit
     SECTION=.SLIB
                 _isdigit
                                 0000ac2f 0061(00008e1b:.SLIB)
                                          0064(0000a344:.SLIB)
0072 isspace
     SECTION=.SLIB
                 _isspace
                                 0000ac39 0061(00008c6c:.SLIB)
0073 isupper
     SECTION=.SLIB
                 _isupper
                                 0000ac48 0061(00008e2e:.SLIB)
0074 _COM_feq
     SECTION=.RLIB
                 __COM_feq
                                 00008335 0064(000096cd:.SLIB)
                                          0077(00008380:.RLIB)
0075 _COM_fge
     SECTION=.RLIB
                 __COM_fge
                                 0000834b 0064(0000a4cb:.SLIB)
0076 _COM_flt
     SECTION=.RLIB
                 __COM_flt
                                 00008361 0064(00009ce0:.SLIB)
                                          0064(00009d3b:.SLIB)
                                          0064(0000a4ec:.SLIB)
0077 _COM_fne
     SECTION=.RLIB
                 __COM_fne
                                 00008377 0064(000097df:.SLIB)
                                          0064(00009910:.SLIB)
                                          0064(00009cc9:.SLIB)
0078 _COM_ftosl
     SECTION=.RLIB
                 __COM_ftosl
                                 00008388 0064(00009997:.SLIB)
0079 _COM_funordered
     SECTION=.RLIB
                 __COM_funordered
                                 00008390 0064(0000a4c4:.SLIB)
                                          0064(0000a4de:.SLIB)
0080 _COM_lshr
     SECTION=.RLIB
                 __COM_lshr
                                 000083a5 0065(000082b7:.RLIB)
0081 _COM_sidiv
     SECTION=.RLIB
                 __COM_sidiv
                                 000083be 0064(00009e35:.SLIB)
                                          0064(0000a972:.SLIB)
0082 _COM_sirem
     SECTION=.RLIB
                 __COM_sirem
                                 000083de 0064(00009e2a:.SLIB)
0083 _COM_ulldiv
     SECTION=.RLIB
                 __COM_ulldiv
                                 000083fe 0064(0000924c:.SLIB)
0084 _COM_ullrem
     SECTION=.RLIB
                 __COM_ullrem
                                 00008428 0064(00009226:.SLIB)
0085 _REL_fcmp
     SECTION=.RLIB
                 __REL_fcmp
                                 00008459 0074(0000833f:.RLIB)
                                          0075(00008355:.RLIB)
                                          0076(0000836b:.RLIB)
0086 _REL_fordered_core
     SECTION=.RLIB
                 __REL_fordered_core
                                 00008491 0074(00008338:.RLIB)
                                          0075(0000834e:.RLIB)
                                          0076(00008364:.RLIB)
                                          0079(00008393:.RLIB)
0087 _REL_lldiv
     SECTION=.RLIB
                 __REL_lldiv
                                 000084e2 0083(00008425:.RLIB)
0088 _REL_llrem
     SECTION=.RLIB
                 __REL_llrem
                                 000087bf 0084(00008456:.RLIB)
0089 _REL_ltosl
     SECTION=.RLIB
                 __REL_ltosl
                                 00008a5f 0078(0000838d:.RLIB)
0090 rlink_generates_01
     SECTION=.option_byte
0091 rlink_generates_02
     SECTION=.monitor1
     SECTION=.monitor2
0092 rlink_generates_03
     SECTION=.security_id
0093 rlink_generates_04
     SECTION=.vect
0094 rlink_generates_05
     SECTION=
                 __s.vect
                                 00000000
                 __e.vect
                                 00000080
                 __s.option_byte
                                 000000c0
                 __e.option_byte
                                 000000c4
                 __s.security_id
                                 000000c4
                 __s.monitor1
                                 000000ce
                 __e.security_id
                                 000000ce
                 __e.monitor1
                                 000000d8
                 __s.jtext_AT3000
                                 00003000
                 __e.jtext_AT3000
                                 000030cc
                 __s.const
                                 00003200
                 __s.text
                                 00007e46
                 __e.const
                                 00007e46
                 __e.text
                                 00007e95
                 __s.RLIB
                                 00007e95
                 __e.RLIB
                                 00008a84
                 __s.SLIB
                                 00008a84
                 __s.textf
                                 0000ac52
                 __e.SLIB
                                 0000ac52
                 __e.textf
                                 000119f3
                 __s.constf
                                 000119f4
                 __e.constf
                                 00011a08
                 __s.data
                                 00011a08
                 __e.data
                                 00011acc
                 __s.sdata
                                 00011acc
                 __e.sdata
                                 00011acc
                 __sPFDL_COD
                                 00011acc
                 __ePFDL_COD
                                 00011b5a
                 __s.monitor2
                                 0007fe00
                 __e.monitor2
                                 00080000
                 __RAM_ADDR_START
                                 000f7f00
                 __s.dataR
                                 000f8400
                 __s.bss
                                 000f84c4
                 __e.dataR
                                 000f84c4
                 __e.bss
                                 000fd0e8
                 __STACK_ADDR_END
                                 000fd0e8
                 __s.sbss
                                 000ffe80
                 __e.sbss
                                 000ffe80
                 __s.sdataR
                                 000ffe80
                 __e.sdataR
                                 000ffe80
                 __STACK_ADDR_START
                                 000ffe80
                 __RAM_ADDR_END
                                 000ffee0
