Renesas Optimizing Linker (W3.03.00 )             05-Nov-2022 10:43:38

*** Options ***

-subcommand=DefaultBuild\NEL_16_35_RFID_CC_V300_22b.clnk
-Input=DefaultBuild\cstart.obj
-Input=DefaultBuild\stkinit.obj
-Input=DefaultBuild\r_main.obj
-Input=DefaultBuild\r_systeminit.obj
-Input=DefaultBuild\r_cg_cgc.obj
-Input=DefaultBuild\r_cg_cgc_user.obj
-Input=DefaultBuild\r_cg_port.obj
-Input=DefaultBuild\r_cg_port_user.obj
-Input=DefaultBuild\r_cg_intc.obj
-Input=DefaultBuild\r_cg_intc_user.obj
-Input=DefaultBuild\r_cg_serial.obj
-Input=DefaultBuild\r_cg_serial_user.obj
-Input=DefaultBuild\r_cg_adc.obj
-Input=DefaultBuild\r_cg_adc_user.obj
-Input=DefaultBuild\r_cg_timer.obj
-Input=DefaultBuild\r_cg_timer_user.obj
-Input=DefaultBuild\r_cg_rtc.obj
-Input=DefaultBuild\r_cg_rtc_user.obj
-Input=DefaultBuild\r_cg_it.obj
-Input=DefaultBuild\r_cg_it_user.obj
-Input=DefaultBuild\adc.obj
-Input=DefaultBuild\Battery_measure.obj
-Input=DefaultBuild\EEPROM.obj
-Input=DefaultBuild\gsm_gprs.obj
-Input=DefaultBuild\interval_timer.obj
-Input=DefaultBuild\mainhandler.obj
-Input=DefaultBuild\power_down.obj
-Input=DefaultBuild\RFID.obj
-Input=DefaultBuild\RTC.obj
-Input=DefaultBuild\uart.obj
-Input=DefaultBuild\USB_Config.obj
-Input=DefaultBuild\ssl_certificates.obj
-Input=DefaultBuild\ftable.obj
-Input=DefaultBuild\MQTT.obj
-Input=DefaultBuild\mqtt_ssl.obj
-LIBrary=lib\pfdl.lib
-SECURITY_ID=00000000000000000000
-DEVICE=C:\Program Files (x86)\Renesas Electronics\CS+\CC\Device\RL78\Devicefile\DR5F100FL.DVF
-DEBug
-NOCOmpress
-NOOPtimize
-OUtput=DefaultBuild\NEL_16_35_RFID_CC_V300_22b.abs
-LIBrary=C:\Program Files (x86)\Renesas Electronics\CS+\CC\CC-RL\V1.10.00\lib\rl78cm4s99.lib
-LIBrary=C:\Program Files (x86)\Renesas Electronics\CS+\CC\CC-RL\V1.10.00\lib\malloc_n.lib
-LIBrary=C:\Program Files (x86)\Renesas Electronics\CS+\CC\CC-RL\V1.10.00\lib\rl78cm4r.lib
-OCDBG=84
-DEBUG_MONITOR=7FE00-7FFFF
-USER_OPT_BYTE=EFF3E1
-VECTN=2=ffff
-VECTN=4=3008
-VECTN=6=300C
-VECTN=8=3010
-VECTN=A=3014
-VECTN=C=3018
-VECTN=E=301C
-VECTN=10=3020
-VECTN=12=3024
-VECTN=14=3028
-VECTN=16=302C
-VECTN=18=3030
-VECTN=1A=3034
-VECTN=1C=3038
-VECTN=1E=303C
-VECTN=20=3040
-VECTN=22=3044
-VECTN=24=3048
-VECTN=26=304C
-VECTN=28=3050
-VECTN=2A=3054
-VECTN=2C=3058
-VECTN=2E=305C
-VECTN=30=3060
-VECTN=32=3064
-VECTN=34=3068
-VECTN=36=306C
-VECTN=38=3070
-VECTN=3A=3074
-VECTN=3C=3078
-VECTN=3E=307C
-VECTN=40=3080
-VECTN=42=3084
-VECTN=44=3088
-VECTN=46=308C
-VECTN=48=3090
-VECTN=4A=3094
-VECTN=4C=3098
-VECTN=4E=309C
-VECTN=50=30A0
-VECTN=52=30A4
-VECTN=54=30A8
-VECTN=56=30AC
-VECTN=58=30B0
-VECTN=5A=30B4
-VECTN=5C=30B8
-VECTN=5E=30BC
-VECTN=60=30C0
-VECTN=62=30C4
-VECTN=7E=30C8
-LISt=DefaultBuild\NEL_16_35_RFID_CC_V300_22b.map
-SHow=ALL
-AUTO_SECTION_LAYOUT
-STARt=.const,.text,.RLIB,.SLIB,.textf,.constf,.data,.sdata,PFDL_COD/03200,.dataR,.bss/F8400,.sdataR,.sbss/FFE80
-ROm=.data=.dataR
-ROm=.sdata=.sdataR
-NOMessage
-NOLOgo
-end

*** Error information ***

W0561321:Entry symbol "_u8_comodo_buff_1" in "DefaultBuild\gsm_gprs.obj" conflicts
W0561321:Entry symbol "_u8_comodo_buff_2" in "DefaultBuild\gsm_gprs.obj" conflicts
W0561321:Entry symbol "_u8_comodo_buff_3" in "DefaultBuild\gsm_gprs.obj" conflicts
W0561321:Entry symbol "_u8_comodo_buff_4" in "DefaultBuild\gsm_gprs.obj" conflicts
W0561321:Entry symbol "_u8_comodo_buff_5" in "DefaultBuild\gsm_gprs.obj" conflicts
W0561321:Entry symbol "_u8_comodo_buff_6" in "DefaultBuild\gsm_gprs.obj" conflicts
W0561321:Entry symbol "_u8_comodo_buff_7" in "DefaultBuild\gsm_gprs.obj" conflicts
W0561321:Entry symbol "_u8_snailecl_buff_1" in "DefaultBuild\gsm_gprs.obj" conflicts
W0561321:Entry symbol "_u8_snailecl_buff_2" in "DefaultBuild\gsm_gprs.obj" conflicts
W0561321:Entry symbol "_u8_snailecl_buff_3" in "DefaultBuild\gsm_gprs.obj" conflicts
W0561321:Entry symbol "_u8_snailecl_buff_4" in "DefaultBuild\gsm_gprs.obj" conflicts
W0561321:Entry symbol "_u8_snailecl_buff_5" in "DefaultBuild\gsm_gprs.obj" conflicts
W0561321:Entry symbol "_u8_snaile_key_buff_1" in "DefaultBuild\gsm_gprs.obj" conflicts
W0561321:Entry symbol "_u8_snaile_key_buff_2" in "DefaultBuild\gsm_gprs.obj" conflicts
W0561321:Entry symbol "_u8_snaile_key_buff_3" in "DefaultBuild\gsm_gprs.obj" conflicts
W0561321:Entry symbol "_u8_snaile_key_buff_4" in "DefaultBuild\gsm_gprs.obj" conflicts
W0561321:Entry symbol "_u8_snaile_key_buff_5" in "DefaultBuild\gsm_gprs.obj" conflicts
W0561321:Entry symbol "_u8_snaile_key_buff_6" in "DefaultBuild\gsm_gprs.obj" conflicts
W0561321:Entry symbol "_u8_snaile_key_buff_7" in "DefaultBuild\gsm_gprs.obj" conflicts
W0561321:Entry symbol "_u8_snaile_key_buff_8" in "DefaultBuild\gsm_gprs.obj" conflicts
W0561321:Entry symbol "_u8_CA1" in "DefaultBuild\MQTT.obj" conflicts
W0561321:Entry symbol "_u8_CA2" in "DefaultBuild\MQTT.obj" conflicts
W0561321:Entry symbol "_u8_CA3" in "DefaultBuild\MQTT.obj" conflicts
W0561321:Entry symbol "_u8_snaile_CRT_buff_1" in "DefaultBuild\MQTT.obj" conflicts
W0561321:Entry symbol "_u8_snaile_CRT_buff_2" in "DefaultBuild\MQTT.obj" conflicts
W0561321:Entry symbol "_u8_snaile_CRT_buff_3" in "DefaultBuild\MQTT.obj" conflicts
W0561321:Entry symbol "_u8_snaile_private_key_buff_1" in "DefaultBuild\MQTT.obj" conflicts
W0561321:Entry symbol "_u8_snaile_private_key_buff_2" in "DefaultBuild\MQTT.obj" conflicts
W0561321:Entry symbol "_u8_snaile_private_key_buff_3" in "DefaultBuild\MQTT.obj" conflicts
W0561321:Entry symbol "_u8_snaile_private_key_buff_4" in "DefaultBuild\MQTT.obj" conflicts
W0561184:Interrupt table address "0x2" of ".vect" is defined

*** Mapping List ***

SECTION                            START      END         SIZE   ALIGN
.vect
                                  00000000  0000007f        80   0
.option_byte
                                  000000c0  000000c3         4   1
.security_id
                                  000000c4  000000cd         a   1
.monitor1
                                  000000ce  000000d7         a   1
.jtext_AT3000
                                  00003000  000030cb        cc   1
.const
                                  00003200  00007ebf      4cc0   2
.text
                                  00007ec0  00007f0e        4f   1
.RLIB
                                  00007f0f  00008afd       bef   1
.SLIB
                                  00008afe  0000accb      21ce   1
.textf
                                  0000accc  00011c2b      6f60   1
.constf
                                  00011c2c  00011c3f        14   2
.data
                                  00011c40  00011d07        c8   2
.sdata
                                  00011d08  00011d08         0   2
PFDL_COD
                                  00011d08  00011d95        8e   2
.monitor2
                                  0007fe00  0007ffff       200   1
.dataR
                                  000f8400  000f84c7        c8   2
.bss
                                  000f84c8  000fd0eb      4c24   2
.sdataR
                                  000ffe80  000ffe80         0   2
.sbss
                                  000ffe80  000ffe80         0   2

*** Total Section Size ***

RAMDATA SECTION:  00004cec Byte(s)
ROMDATA SECTION:  00005034 Byte(s)
PROGRAM SECTION:  00009ec6 Byte(s)

*** Symbol List ***

SECTION=
FILE=                               START        END    SIZE
  SYMBOL                            ADDR        SIZE    INFO      COUNTS  OPT
    STRUCT                                      SIZE
      MEMBER                        ADDR        SIZE    INFO

SECTION=.vect
FILE=rlink_generates_04
                                  00000000  0000007f        80

SECTION=.option_byte
FILE=rlink_generates_01
                                  000000c0  000000c3         4

SECTION=.security_id
FILE=rlink_generates_03
                                  000000c4  000000cd         a

SECTION=.monitor1
FILE=rlink_generates_02
                                  000000ce  000000d7         a

SECTION=.jtext_AT3000
FILE=DefaultBuild\ftable.obj
                                  00003000  000030cb        cc

SECTION=.const
FILE=DefaultBuild\r_main.obj
                                  00003200  0000320b         c
FILE=DefaultBuild\gsm_gprs.obj
                                  0000320c  0000367e       473
FILE=DefaultBuild\mainhandler.obj
                                  00003680  00003783       104
FILE=DefaultBuild\power_down.obj
                                  00003784  00003784         1
  _illegalInstruction@1@Reset_MCU
                                  00003784         1   data ,l         1
FILE=DefaultBuild\USB_Config.obj
                                  00003786  000038a5       120
FILE=DefaultBuild\ssl_certificates.obj
                                  000038a6  00005f01      265c
  _u8_comodo_buff_1
                                  000038a6       1fe   data ,g         0
  _u8_comodo_buff_2
                                  00003aa4       1fe   data ,g         1
  _u8_comodo_buff_3
                                  00003ca2       1fe   data ,g         1
  _u8_comodo_buff_4
                                  00003ea0       1fe   data ,g         1
  _u8_comodo_buff_5
                                  0000409e       1fe   data ,g         1
  _u8_comodo_buff_6
                                  0000429c       1fe   data ,g         1
  _u8_comodo_buff_7
                                  0000449a       1fe   data ,g         1
  _u8_snailecl_buff_1
                                  00004698       1fe   data ,g         1
  _u8_snailecl_buff_2
                                  00004896       1fe   data ,g         1
  _u8_snailecl_buff_3
                                  00004a94       1fe   data ,g         1
  _u8_snailecl_buff_4
                                  00004c92       1fe   data ,g         1
  _u8_snailecl_buff_5
                                  00004e90       1fe   data ,g         1
  _u8_snaile_key_buff_1
                                  0000508e       1f4   data ,g         1
  _u8_snaile_key_buff_2
                                  00005282       1f4   data ,g         1
  _u8_snaile_key_buff_3
                                  00005476       1f4   data ,g         1
  _u8_snaile_key_buff_4
                                  0000566a       1f4   data ,g         1
  _u8_snaile_key_buff_5
                                  0000585e       1f4   data ,g         1
  _u8_snaile_key_buff_6
                                  00005a52       1f4   data ,g         1
  _u8_snaile_key_buff_7
                                  00005c46       1f4   data ,g         1
  _u8_snaile_key_buff_8
                                  00005e3a        c8   data ,g         1
FILE=DefaultBuild\MQTT.obj
                                  00005f02  00006afb       bfa
FILE=DefaultBuild\mqtt_ssl.obj
                                  00006afc  00007ebf      13c4
  _u8_CA1
                                  00006afc       1fe   data ,g         2
  _u8_CA2
                                  00006cfa       1fe   data ,g         2
  _u8_CA3
                                  00006ef8       1fe   data ,g         2
  _u8_snaile_CRT_buff_1
                                  000070f6       1fe   data ,g         1
  _u8_snaile_CRT_buff_2
                                  000072f4       1fe   data ,g         1
  _u8_snaile_CRT_buff_3
                                  000074f2       1fe   data ,g         1
  _u8_snaile_private_key_buff_1
                                  000076f0       1f4   data ,g         1
  _u8_snaile_private_key_buff_2
                                  000078e4       1f4   data ,g         1
  _u8_snaile_private_key_buff_3
                                  00007ad8       1f4   data ,g         1
  _u8_snaile_private_key_buff_4
                                  00007ccc       1f4   data ,g         1

SECTION=.text
FILE=DefaultBuild\cstart.obj
                                  00007ec0  00007f0e        4f
  _start
                                  00007ec0         0   none ,g         1
  _exit
                                  00007f0d         0   none ,g         1

SECTION=.RLIB
FILE=memcpy
                                  00007f0f  00007f1f        11
  _memcpy
                                  00007f0f         0   none ,g         2
FILE=memset
                                  00007f20  00007f2d         e
  _memset
                                  00007f20         0   none ,g        11
FILE=_COM_fdiv
                                  00007f2e  000080ba       18d
  __COM_fdiv
                                  00007f8d         0   none ,g         2
FILE=_COM_fmul
                                  000080bb  000081d7       11d
  __COM_fmul
                                  00008106         0   none ,g         5
FILE=_COM_ftoul
                                  000081d8  000081e3         c
  __COM_ftoul
                                  000081d8         0   none ,g         2
FILE=_COM_imul
                                  000081e4  000081f2         f
  __COM_imul
                                  000081e4         0   none ,g        1b
FILE=_COM_lmul
                                  000081f3  0000821a        28
  __COM_lmul
                                  000081f3         0   none ,g         9
FILE=_COM_lshl
                                  0000821b  00008235        1b
  __COM_lshl
                                  00008224         0   none ,g         1
FILE=_COM_uidiv
                                  00008236  0000825f        2a
  __COM_uidiv
                                  00008238         0   none ,g         c
FILE=_COM_uirem
                                  00008260  00008288        29
  __COM_uirem
                                  00008260         0   none ,g         9
FILE=_COM_uldiv
                                  00008289  000082c4        3c
  __COM_uldiv
                                  0000828e         0   none ,g         3
FILE=_COM_ulrem
                                  000082c5  000082fe        3a
  __COM_ulrem
                                  000082c7         0   none ,g         3
FILE=_COM_ultof
                                  000082ff  00008304         6
  __COM_ultof
                                  000082ff         0   none ,g         2
FILE=_REL_ftol
                                  00008305  00008339        35
  __REL_ftol
                                  00008305         0   none ,g         2
FILE=_REL_f_inf
                                  0000833a  00008341         8
  __REL_f_inf
                                  0000833a         0   none ,g         4
FILE=_REL_f_norm
                                  00008342  00008351        10
  __REL_f_norm
                                  00008342         0   none ,g         3
FILE=_REL_f_round
                                  00008352  00008364        13
  __REL_f_round
                                  00008352         0   none ,g         2
FILE=_REL_ltof
                                  00008365  000083ae        4a
  __REL_ltof
                                  00008365         0   none ,g         1
FILE=_COM_feq
                                  000083af  000083c4        16
  __COM_feq
                                  000083af         0   none ,g         2
FILE=_COM_fge
                                  000083c5  000083da        16
  __COM_fge
                                  000083c5         0   none ,g         1
FILE=_COM_flt
                                  000083db  000083f0        16
  __COM_flt
                                  000083db         0   none ,g         3
FILE=_COM_fne
                                  000083f1  00008401        11
  __COM_fne
                                  000083f1         0   none ,g         3
FILE=_COM_ftosl
                                  00008402  00008409         8
  __COM_ftosl
                                  00008402         0   none ,g         1
FILE=_COM_funordered
                                  0000840a  00008414         b
  __COM_funordered
                                  0000840a         0   none ,g         2
FILE=_COM_lshr
                                  00008415  00008435        21
  __COM_lshr
                                  0000841f         0   none ,g         1
FILE=_COM_sidiv
                                  00008436  00008457        22
  __COM_sidiv
                                  00008438         0   none ,g         2
FILE=_COM_sirem
                                  00008458  00008477        20
  __COM_sirem
                                  00008458         0   none ,g         1
FILE=_COM_ulldiv
                                  00008478  000084a1        2a
  __COM_ulldiv
                                  00008478         0   none ,g         1
FILE=_COM_ullrem
                                  000084a2  000084d2        31
  __COM_ullrem
                                  000084a2         0   none ,g         1
FILE=_REL_fcmp
                                  000084d3  0000850a        38
  __REL_fcmp
                                  000084d3         0   none ,g         3
FILE=_REL_fordered_core
                                  0000850b  00008526        1c
  __REL_fordered_core
                                  0000850b         0   none ,g         4
FILE=_REL_lldiv
                                  00008527  00008802       2dc
  __REL_lldiv
                                  0000855c         0   none ,g         1
FILE=_REL_llrem
                                  00008803  00008ad8       2d6
  __REL_llrem
                                  00008839         0   none ,g         1
FILE=_REL_ltosl
                                  00008ad9  00008afd        25
  __REL_ltosl
                                  00008ad9         0   none ,g         1

SECTION=.SLIB
FILE=atoi
                                  00008afe  00008b34        37
  _atoi
                                  00008afe        37   func ,g        14
FILE=sprintf
                                  00008b35  00008bee        ba
  _sprintf
                                  00008b35        a2   func ,g        2d
  __REL_sp@1
                                  00008bd7        18   func ,l         2
FILE=strcat
                                  00008bef  00008c01        13
  _strcat
                                  00008bef         0   none ,g        11
FILE=strchr
                                  00008c02  00008c0f         e
  _strchr
                                  00008c02         0   none ,g        20
FILE=strcmp
                                  00008c10  00008c20        11
  _strcmp
                                  00008c10         0   none ,g        22
FILE=strcpy
                                  00008c21  00008c2d         d
  _strcpy
                                  00008c21         0   none ,g         e
FILE=strlen
                                  00008c2e  00008c38         b
  _strlen
                                  00008c2e         0   none ,g        17
FILE=strncpy
                                  00008c39  00008c4c        14
  _strncpy
                                  00008c39         0   none ,g         f
FILE=strstr
                                  00008c4d  00008c6b        1f
  _strstr
                                  00008c4d         0   none ,g        13
FILE=strtok
                                  00008c6c  00008cc8        5d
  _strtok
                                  00008c6c         0   none ,g         6
FILE=strtol
                                  00008cc9  00008eb1       1e9
  _strtol
                                  00008cc9       1b9   func ,g         1
  __CommonCode@5
                                  00008e82         3   func ,l         6
  __CommonCode@3
                                  00008e85         9   func ,l         3
  __CommonCode@2
                                  00008e8e         c   func ,l         2
  __CommonCode@4
                                  00008e9a         d   func ,l         2
  __CommonCode@1
                                  00008ea7         6   func ,l         2
  __CommonCode@0
                                  00008ead         5   func ,l         3
FILE=_COM_strpbrk_ff
                                  00008eb2  00008ed4        23
  __COM_strpbrk_ff
                                  00008eb2         0   none ,g         1
FILE=_COM_strspn_ff
                                  00008ed5  00008efa        26
  __COM_strspn_ff
                                  00008ed5         0   none ,g         1
FILE=_REL_print
                                  00008efb  0000ac90      1d96
  __REL_print
                                  00008efb      1478   func ,g         1
  __CommonCode@112
                                  0000a373         8   func ,l         3
  __CommonCode@104
                                  0000a37b         a   func ,l         5
  __CommonCode@103
                                  0000a385         6   func ,l         4
  __CommonCode@100
                                  0000a38b         4   func ,l         3
  __CommonCode@99
                                  0000a38f         c   func ,l         2
  __CommonCode@98
                                  0000a39b         7   func ,l         8
  __CommonCode@86
                                  0000a3a2         4   func ,l         2
  __CommonCode@82
                                  0000a3a6         4   func ,l         4
  __CommonCode@97
                                  0000a3aa         8   func ,l         3
  __CommonCode@80
                                  0000a3b2         6   func ,l         2
  __CommonCode@79
                                  0000a3b8         c   func ,l         3
  __CommonCode@78
                                  0000a3c4         c   func ,l         2
  __CommonCode@96
                                  0000a3d0         7   func ,l         3
  __CommonCode@77
                                  0000a3d7         6   func ,l         2
  __CommonCode@76
                                  0000a3dd         6   func ,l         2
  __CommonCode@75
                                  0000a3e3         9   func ,l         2
  __CommonCode@74
                                  0000a3ec         c   func ,l         2
  __CommonCode@110
                                  0000a3f8         5   func ,l         8
  __CommonCode@73
                                  0000a3fd         6   func ,l         2
  __CommonCode@107
                                  0000a403         9   func ,l         2
  __CommonCode@72
                                  0000a40c         6   func ,l         3
  __CommonCode@70
                                  0000a412         8   func ,l         2
  __CommonCode@69
                                  0000a41a         a   func ,l         2
  __CommonCode@68
                                  0000a424         a   func ,l         2
  __CommonCode@87
                                  0000a42e         7   func ,l         4
  __CommonCode@67
                                  0000a435        1e   func ,l         2
  __CommonCode@66
                                  0000a453         4   func ,l         2
  __CommonCode@93
                                  0000a457         6   func ,l         2
  __CommonCode@111
                                  0000a45d         7   func ,l         5
  __CommonCode@88
                                  0000a464         5   func ,l         2
  __CommonCode@95
                                  0000a469         6   func ,l         2
  __CommonCode@65
                                  0000a46f         7   func ,l         2
  __CommonCode@64
                                  0000a476         9   func ,l         2
  __CommonCode@63
                                  0000a47f         a   func ,l         2
  __CommonCode@62
                                  0000a489         8   func ,l         4
  __CommonCode@61
                                  0000a491         c   func ,l         2
  __CommonCode@60
                                  0000a49d         a   func ,l         2
  __CommonCode@113
                                  0000a4a7         6   func ,l         4
  __CommonCode@59
                                  0000a4ad         7   func ,l         2
  __CommonCode@58
                                  0000a4b4        10   func ,l         2
  __CommonCode@57
                                  0000a4c4         a   func ,l         2
  __CommonCode@56
                                  0000a4ce         8   func ,l         2
  __CommonCode@55
                                  0000a4d6         5   func ,l         3
  __CommonCode@94
                                  0000a4db         7   func ,l         2
  __CommonCode@54
                                  0000a4e2         8   func ,l         2
  __CommonCode@53
                                  0000a4ea         d   func ,l         2
  __CommonCode@52
                                  0000a4f7         6   func ,l         3
  __CommonCode@51
                                  0000a4fd         7   func ,l         2
  __CommonCode@50
                                  0000a504         a   func ,l         2
  __CommonCode@49
                                  0000a50e         7   func ,l         3
  __CommonCode@48
                                  0000a515         9   func ,l         2
  __CommonCode@47
                                  0000a51e         6   func ,l         4
  __CommonCode@46
                                  0000a524         5   func ,l         6
  __CommonCode@45
                                  0000a529         f   func ,l         2
  __CommonCode@44
                                  0000a538         9   func ,l         2
  __CommonCode@43
                                  0000a541         7   func ,l         2
  __CommonCode@42
                                  0000a548         7   func ,l         2
  __CommonCode@41
                                  0000a54f        11   func ,l         2
  __CommonCode@40
                                  0000a560         9   func ,l         2
  __CommonCode@39
                                  0000a569         7   func ,l         2
  __CommonCode@38
                                  0000a570         a   func ,l         2
  __CommonCode@37
                                  0000a57a         c   func ,l         2
  __CommonCode@36
                                  0000a586         9   func ,l         2
  __CommonCode@35
                                  0000a58f         b   func ,l         2
  __CommonCode@34
                                  0000a59a         6   func ,l         2
  __CommonCode@91
                                  0000a5a0         5   func ,l         2
  __CommonCode@114
                                  0000a5a5         3   func ,l         3
  __CommonCode@33
                                  0000a5a8         6   func ,l         4
  __CommonCode@32
                                  0000a5ae         f   func ,l         2
  __CommonCode@31
                                  0000a5bd         6   func ,l         2
  __CommonCode@85
                                  0000a5c3         3   func ,l        1c
  __CommonCode@30
                                  0000a5c6         8   func ,l         2
  __CommonCode@29
                                  0000a5ce         d   func ,l         3
  __CommonCode@81
                                  0000a5db         e   func ,l         2
  __CommonCode@92
                                  0000a5e9         9   func ,l         2
  __CommonCode@28
                                  0000a5f2         9   func ,l         2
  __CommonCode@27
                                  0000a5fb         6   func ,l         2
  __CommonCode@26
                                  0000a601         6   func ,l         2
  __CommonCode@25
                                  0000a607         6   func ,l         5
  __CommonCode@24
                                  0000a60d         4   func ,l         4
  __CommonCode@109
                                  0000a611         4   func ,l         3
  __CommonCode@115
                                  0000a615         8   func ,l         3
  __CommonCode@23
                                  0000a61d         7   func ,l         3
  __CommonCode@22
                                  0000a624         6   func ,l         3
  __CommonCode@108
                                  0000a62a         8   func ,l         3
  __CommonCode@21
                                  0000a632        19   func ,l         7
  __CommonCode@20
                                  0000a64b         7   func ,l         4
  __CommonCode@19
                                  0000a652         c   func ,l         4
  __CommonCode@18
                                  0000a65e         5   func ,l        10
  __CommonCode@17
                                  0000a663         4   func ,l         8
  __CommonCode@16
                                  0000a667         a   func ,l         2
  __CommonCode@15
                                  0000a671         e   func ,l         3
  __CommonCode@10
                                  0000a67f         b   func ,l         2
  __CommonCode@9
                                  0000a68a         9   func ,l         3
  __CommonCode@8
                                  0000a693        12   func ,l         2
  __CommonCode@84
                                  0000a6a5         3   func ,l        14
  __CommonCode@5
                                  0000a6a8         4   func ,l         7
  __CommonCode@4
                                  0000a6ac         8   func ,l         2
  __CommonCode@3
                                  0000a6b4        12   func ,l         2
  __CommonCode@105
                                  0000a6c6         8   func ,l         2
  __CommonCode@2
                                  0000a6ce         7   func ,l         2
  __CommonCode@1
                                  0000a6d5         c   func ,l         2
  __CommonCode@0
                                  0000a6e1         7   func ,l         3
  __REL_henkan1@1
                                  0000a6e8        1d   func ,l         2
  __CommonCode@7
                                  0000a705         7   func ,l         2
  __CommonCode@11
                                  0000a70c         c   func ,l         2
  __CommonCode@90
                                  0000a718         8   func ,l         3
  __CommonCode@12
                                  0000a720         a   func ,l         2
  __CommonCode@13
                                  0000a72a         9   func ,l         2
  __CommonCode@14
                                  0000a733         7   func ,l         2
  __CommonCode@89
                                  0000a73a         6   func ,l         5
  __REL_pri@1
                                  0000a740       23b   func ,l         2
  __CommonCode@83
                                  0000a97b         4   func ,l         5
  __REL_fltgeti@1
                                  0000a97f       1bf   func ,l         1
  __CommonCode@6
                                  0000ab3e         7   func ,l         2
  __REL_inmod@1
                                  0000ab45       14c   func ,l         1
FILE=isalnum
                                  0000ac91  0000aca8        18
  _isalnum
                                  0000ac91         0   none ,g         1
FILE=isdigit
                                  0000aca9  0000acb2         a
  _isdigit
                                  0000aca9         0   none ,g         2
FILE=isspace
                                  0000acb3  0000acc1         f
  _isspace
                                  0000acb3         0   none ,g         1
FILE=isupper
                                  0000acc2  0000accb         a
  _isupper
                                  0000acc2         0   none ,g         1

SECTION=.textf
FILE=DefaultBuild\stkinit.obj
                                  0000accc  0000ad0f        44
  _stkinit
                                  0000accc         0   none ,g         0
  LSTINIT1
                                  0000acda         0   none ,l         1
  LSTINIT2
                                  0000ad04         0   none ,l         2
  LSTINIT3
                                  0000ad0f         0   none ,l         2
FILE=DefaultBuild\r_main.obj
                                  0000ad10  0000ae44       135
  _main
                                  0000ad10       131   func ,g         1
  _R_MAIN_UserInit
                                  0000ae41         4   func ,g         1
FILE=DefaultBuild\r_systeminit.obj
                                  0000ae45  0000aeb0        6c
  _R_Systeminit
                                  0000ae45        65   func ,g         1
  _hdwinit
                                  0000aeaa         7   func ,g         1
FILE=DefaultBuild\r_cg_cgc.obj
                                  0000aeb1  0000aef2        42
  _R_CGC_Create
                                  0000aeb1        42   func ,g         1
FILE=DefaultBuild\r_cg_cgc_user.obj
                                  0000aef3  0000aef9         7
  _R_CGC_Get_ResetSource
                                  0000aef3         7   func ,g         1
FILE=DefaultBuild\r_cg_port.obj
                                  0000aefa  0000af21        28
  _R_PORT_Create
                                  0000aefa        28   func ,g         1
FILE=DefaultBuild\r_cg_intc.obj
                                  0000af22  0000afa4        83
  _R_INTC_Create
                                  0000af22        39   func ,g         1
  _R_INTC3_Start
                                  0000af5b         7   func ,g         1
  _R_INTC3_Stop
                                  0000af62         7   func ,g         0
  _R_KEY_Create
                                  0000af69        2e   func ,g         1
  _R_KEY_Start
                                  0000af97         7   func ,g         2
  _R_KEY_Stop
                                  0000af9e         7   func ,g         0
FILE=DefaultBuild\r_cg_intc_user.obj
                                  0000afa5  0000afc3        1f
  _r_intc3_interrupt
                                  0000afa5        1a   func ,g         1
  _r_key_interrupt
                                  0000afbf         5   func ,g         1
FILE=DefaultBuild\r_cg_serial.obj
                                  0000afc4  0000b3aa       3e7
  _R_SAU0_Create
                                  0000afc4        14   func ,g         3
  _R_UART0_Create
                                  0000afd8        93   func ,g         1
  _R_UART0_Start
                                  0000b06b        28   func ,g         1
  _R_UART0_Stop
                                  0000b093        1f   func ,g         1
  _R_UART0_Receive
                                  0000b0b2        2c   func ,g         2
  _R_UART0_Send
                                  0000b0de        3a   func ,g         1
  _R_UART1_Create
                                  0000b118        93   func ,g         5
  _R_UART1_Start
                                  0000b1ab        28   func ,g         4
  _R_UART1_Stop
                                  0000b1d3        1f   func ,g         1
  _R_UART1_Receive
                                  0000b1f2        2c   func ,g         4
  _R_UART1_Send
                                  0000b21e        3a   func ,g         1
  _R_SAU1_Create
                                  0000b258        13   func ,g         2
  _R_UART2_Create
                                  0000b26b        93   func ,g         1
  _R_UART2_Start
                                  0000b2fe        28   func ,g         2
  _R_UART2_Stop
                                  0000b326        1f   func ,g         1
  _R_UART2_Receive
                                  0000b345        2c   func ,g         2
  _R_UART2_Send
                                  0000b371        3a   func ,g         1
FILE=DefaultBuild\r_cg_serial_user.obj
                                  0000b3ab  0000b617       26d
  _r_uart0_interrupt_receive
                                  0000b3ab        78   func ,g         1
  _r_uart0_interrupt_send
                                  0000b423        38   func ,g         1
  _r_uart0_callback_receiveend@1
                                  0000b45b        10   func ,l         1
  _r_uart0_callback_softwareoverrun@1
                                  0000b46b         5   func ,l         1
  _r_uart0_callback_sendend@1
                                  0000b470         4   func ,l         1
  _r_uart0_callback_error@1
                                  0000b474         5   func ,l         1
  _r_uart1_interrupt_receive
                                  0000b479        78   func ,g         1
  _r_uart1_interrupt_send
                                  0000b4f1        38   func ,g         1
  _r_uart1_callback_receiveend@1
                                  0000b529        10   func ,l         1
  _r_uart1_callback_softwareoverrun@1
                                  0000b539         5   func ,l         1
  _r_uart1_callback_sendend@1
                                  0000b53e         4   func ,l         1
  _r_uart1_callback_error@1
                                  0000b542         5   func ,l         1
  _r_uart2_interrupt_receive
                                  0000b547        78   func ,g         1
  _r_uart2_interrupt_send
                                  0000b5bf        38   func ,g         1
  _r_uart2_callback_receiveend@1
                                  0000b5f7        10   func ,l         1
  _r_uart2_callback_softwareoverrun@1
                                  0000b607         5   func ,l         1
  _r_uart2_callback_sendend@1
                                  0000b60c         4   func ,l         1
  _r_uart2_callback_error@1
                                  0000b610         8   func ,l         1
FILE=DefaultBuild\r_cg_adc.obj
                                  0000b618  0000b65f        48
  _R_ADC_Create
                                  0000b618        2d   func ,g         2
  _R_ADC_Start
                                  0000b645         4   func ,g         1
  _R_ADC_Stop
                                  0000b649         4   func ,g         1
  _R_ADC_Set_OperationOn
                                  0000b64d         4   func ,g         2
  _R_ADC_Set_OperationOff
                                  0000b651         4   func ,g         1
  _R_ADC_Get_Result
                                  0000b655         b   func ,g         1
FILE=DefaultBuild\r_cg_timer.obj
                                  0000b660  0000b6eb        8c
  _R_TAU0_Create
                                  0000b660        6c   func ,g         3
  _R_TAU0_Channel0_Start
                                  0000b6cc        10   func ,g         3
  _R_TAU0_Channel0_Stop
                                  0000b6dc        10   func ,g         1
FILE=DefaultBuild\r_cg_timer_user.obj
                                  0000b6ec  0000b705        1a
  _r_tau0_channel0_interrupt
                                  0000b6ec        1a   func ,g         1
FILE=DefaultBuild\r_cg_rtc.obj
                                  0000b706  0000b956       251
  _R_RTC_Create
                                  0000b706        27   func ,g         1
  _R_RTC_Start
                                  0000b72d         a   func ,g         1
  _R_RTC_Stop
                                  0000b737         a   func ,g         2
  _R_RTC_Get_CounterValue
                                  0000b741        9d   func ,g         1
  _R_RTC_Set_CounterValue
                                  0000b7de        fe   func ,g         1
  _R_RTC_Set_ConstPeriodInterruptOn
                                  0000b8dc        5f   func ,g         1
  _R_RTC_Set_ConstPeriodInterruptOff
                                  0000b93b        1c   func ,g         4
FILE=DefaultBuild\r_cg_rtc_user.obj
                                  0000b957  0000b995        3f
  _r_rtc_interrupt
                                  0000b957        3a   func ,g         1
  _r_rtc_callback_constperiod@1
                                  0000b991         5   func ,l         1
FILE=DefaultBuild\r_cg_it.obj
                                  0000b996  0000b9c9        34
  _R_IT_Create
                                  0000b996        1a   func ,g         1
  _R_IT_Start
                                  0000b9b0         d   func ,g         1
  _R_IT_Stop
                                  0000b9bd         d   func ,g         0
FILE=DefaultBuild\r_cg_it_user.obj
                                  0000b9ca  0000b9e3        1a
  _r_it_interrupt
                                  0000b9ca        1a   func ,g         1
FILE=DefaultBuild\adc.obj
                                  0000b9e4  0000ba12        2f
  _v_Init_ADC
                                  0000b9e4         5   func ,g         0
  _u16_AD_Conv
                                  0000b9e9        2a   func ,g         1
FILE=DefaultBuild\Battery_measure.obj
                                  0000ba13  0000bb11        ff
  _v_battery_measure
                                  0000ba13        ff   func ,g         1
FILE=DefaultBuild\EEPROM.obj
                                  0000bb12  0000bf9b       48a
  _Erase_Dconfig_Data_Flash
                                  0000bb12        8f   func ,g         1
  _Write_Dconfig_Data_Flash
                                  0000bba1        a5   func ,g         6
  _Erase_RFID_Data_Flash
                                  0000bc46        90   func ,g         4
  _v_Write_RFID_DF_data
                                  0000bcd6        c9   func ,g         1
  _v_Write_Cert_DF_data_flash
                                  0000bd9f       16b   func ,g         2
  _Erase_Cert_Data_Flash
                                  0000bf0a        92   func ,g         1
FILE=DefaultBuild\gsm_gprs.obj
                                  0000bf9c  0000d994      19f9
  _Convert_Time_To_Bcd
                                  0000bf9c        37   func ,g         0
  _Hex_to_Bcd
                                  0000bfd3        29   func ,g         6
  _u8_HTTP_Config_TCP
                                  0000bffc        5d   func ,g         1
  _u8_HTTP_Open
                                  0000c059        65   func ,g         1
  _u8_HTTP_GET
                                  0000c0be        48   func ,g         1
  _u8_GSM_PDP_Activate
                                  0000c106        e4   func ,g         1
  _u8_GSM_SSL_Config
                                  0000c1ea        ba   func ,g         0
  _u8_GSM_TCP_Activate
                                  0000c2a4        36   func ,g         1
  _u8_Gsm_Wait_For_AT_response
                                  0000c2da        49   func ,g         4
  _u8_Network_Select
                                  0000c323       136   func ,g         0
  _u8_Network_CFG
                                  0000c459        58   func ,g         0
  _u8_Wait_For_NW_Connection
                                  0000c4b1        90   func ,g         2
  _u8_Wait_For_SIM_register
                                  0000c541        c0   func ,g         1
  _u8_GPRS_Init
                                  0000c601        d5   func ,g         3
  _u8_Get_Network_Signal_Strength
                                  0000c6d6        b5   func ,g         1
  _u8_Get_Network_Time
                                  0000c78b       3e8   func ,g         0
  _RTC_Update_From_GSM
                                  0000cb73        37   func ,g         4
  _GSM_Initial_Configuration
                                  0000cbaa        59   func ,g         1
  _RTC_Update_To_GSM
                                  0000cc03        90   func ,g         1
  _u8_HTTP_Open_Connection
                                  0000cc93        d5   func ,g         0
  _u8_GSM_HTTP_Data_Write
                                  0000cd68        8b   func ,g         0
  _u8_Update_SSL_Crt_To_UFS
                                  0000cdf3       21f   func ,g         0
  _v_GSM_Rx_Isr
                                  0000d012       11c   func ,g         1
  _v_Gsm_Hardware_Init
                                  0000d12e        4b   func ,g         5
  _v_Gsm_Power_Down
                                  0000d179        2e   func ,g         8
  _v_GSM_Timeout_Handler
                                  0000d1a7        40   func ,g         1
  _u8_Get_CCID_IMEI
                                  0000d1e7        b5   func ,g         2
  _u8_GSM_GPRS_reception_Handler
                                  0000d29c       6f9   func ,g        7f
FILE=DefaultBuild\interval_timer.obj
                                  0000d995  0000dcab       317
  _v_Scheduler
                                  0000d995       183   func ,g         1
  _v_Button_Timer
                                  0000db18       157   func ,g         1
  _v_Micro_Delay
                                  0000dc6f        2b   func ,g         4
  _v_delay_ms
                                  0000dc9a        12   func ,g        42
FILE=DefaultBuild\mainhandler.obj
                                  0000dcac  0000ed14      1069
  _u32_checksum_calculate
                                  0000dcac        45   func ,g         a
  _Reload_configuration
                                  0000dcf1       103   func ,g         1
  _Read_Dconfig_Data_Flash
                                  0000ddf4        4f   func ,g         2
  _Read_RFID_Data_Flash
                                  0000de43        4b   func ,g         2
  _Read_Cert_Data_Flash
                                  0000de8e        5c   func ,g         1
  _Read_Cert_Data_Flash2
                                  0000deea        5c   func ,g         1
  _v_GSM_Data_Format_Send
                                  0000df46       27e   func ,g         2
  _v_usb_mode_handler
                                  0000e1c4         9   func ,g         1
  _u8_byte_array_compare
                                  0000e1cd        40   func ,g         1
  _v_zero_adding_for_low_length_rfid
                                  0000e20d        8a   func ,g         1
  _v_normal_mode_handler
                                  0000e297       8c0   func ,g         1
  _v_rtc_check_polling
                                  0000eb57        cc   func ,g         1
  _u8_Check_Working_Time
                                  0000ec23        f2   func ,g         2
FILE=DefaultBuild\power_down.obj
                                  0000ed15  0000ed64        50
  _Select_Power_Mode
                                  0000ed15        3a   func ,g         1
  _Reset_MCU
                                  0000ed4f        16   func ,g         3
FILE=DefaultBuild\RFID.obj
                                  0000ed65  0000f23d       4d9
  _v_rfid_rx_isr
                                  0000ed65       16f   func ,g         1
  _v_RFID_Scheduler
                                  0000eed4        50   func ,g         1
  _v_RFID_Turn_ON
                                  0000ef24        15   func ,g         1
  _v_RFID_Turn_OFF
                                  0000ef39         e   func ,g         1
  _v_RFID_Command_Send
                                  0000ef47        cb   func ,g         4
  _v_RFID_Data_Send
                                  0000f012         a   func ,g         8
  _u8_RFID_Check_Packet_Received
                                  0000f01c        3a   func ,g         5
  _v_clear_RFID_data_buf
                                  0000f056        4e   func ,g         3
  _u8_RFID_RX_Checksum_Check
                                  0000f0a4        c5   func ,g         1
  _u8_RFID_Poling_Command_Send
                                  0000f169        1b   func ,g         1
  _u8_RFID_High_Sensitivity_Command_Send
                                  0000f184        1e   func ,g         1
  _u8_RFID_Dense_Reader_Command_Send
                                  0000f1a2        1e   func ,g         1
  _u8_RFID_Set_Query_Command_Send
                                  0000f1c0        23   func ,g         1
  _u8_RFID_Reception_Handler
                                  0000f1e3        5b   func ,g         1
FILE=DefaultBuild\RTC.obj
                                  0000f23e  0000f42f       1f2
  _v_update_date_time
                                  0000f23e       16d   func ,g         4
  _BCDToDecimal
                                  0000f3ab        1c   func ,g         c
  _DecimalToBCD
                                  0000f3c7        2b   func ,g         0
  _v_RTC_Get_Time
                                  0000f3f2        3e   func ,g         3
FILE=DefaultBuild\uart.obj
                                  0000f430  0000f508        d9
  _v_cmd_send
                                  0000f430        87   func ,g         3
  _v_uart_str_send
                                  0000f4b7        22   func ,g        69
  _v_byte_array_send
                                  0000f4d9        30   func ,g        29
FILE=DefaultBuild\USB_Config.obj
                                  0000f509  00010565      105d
  _u32_calculate_scanning_timeout
                                  0000f509        b8   func ,g         1
  _u8_USB_data_handling
                                  0000f5c1       7e5   func ,g         1
  _ASCII_hex_converter
                                  0000fda6        43   func ,g        15
  _USB_Response
                                  0000fde9        2b   func ,g         1
  _v_usb_configuration
                                  0000fe14        9c   func ,g         1
  _set_usb_connected
                                  0000feb0         4   func ,g         1
  _get_usb_connection_status
                                  0000feb4         8   func ,g         1
  _clear_usb_connection_status
                                  0000febc         4   func ,g         2
  _v_USB_RX_ISR
                                  0000fec0        5e   func ,g         1
  _Update_Configuration
                                  0000ff1e       451   func ,g         1
  _Update_restart_time
                                  0001036f       16f   func ,g         1
  _clk_fun
                                  000104de        88   func ,g         b
FILE=DefaultBuild\MQTT.obj
                                  00010566  00011c2b      16c6
  _u8_Wait_For_mqtt_Connection
                                  00010566        cc   func ,g         3
  _Subscribe_to_AWS_Topics
                                  00010632        c5   func ,g         1
  _Publish_Handshake
                                  000106f7       1f1   func ,g         1
  _AWS_Thing_Provisioning
                                  000108e8       146   func ,g         1
  _Registration_request
                                  00010a2e       1ba   func ,g         1
  _MQTT_Reception_Handler
                                  00010be8       286   func ,g         2
  _u8_MQTT_PDP_Activate
                                  00010e6e        67   func ,g         0
  _Config_Acknowledgement
                                  00010ed5       214   func ,g         1
  _OTA_Acknowledgement
                                  000110e9       205   func ,g         1
  _Mqtt_SSL_Update_to_RAM
                                  000112ee       18c   func ,g         1
  _Mqtt_SSL_Config
                                  0001147a        f7   func ,g         3
  _Provisioning_And_Registration
                                  00011571       3f1   func ,g         2
  _Rails_registration
                                  00011962       269   func ,g         2
  _Subscribe_to_Rails_Topic
                                  00011bcb        61   func ,g         1

SECTION=.constf
FILE=_REL_print
                                  00011c2c  00011c3f        14

SECTION=.data
FILE=DefaultBuild\r_main.obj
                                  00011c40  00011c44         5
FILE=DefaultBuild\adc.obj
                                  00011c46  00011c47         2
FILE=DefaultBuild\Battery_measure.obj
                                  00011c48  00011c51         a
FILE=DefaultBuild\EEPROM.obj
                                  00011c52  00011c53         2
FILE=DefaultBuild\gsm_gprs.obj
                                  00011c54  00011c8f        3c
FILE=DefaultBuild\interval_timer.obj
                                  00011c90  00011c97         8
FILE=DefaultBuild\mainhandler.obj
                                  00011c98  00011cc6        2f
FILE=DefaultBuild\RFID.obj
                                  00011cc8  00011cce         7
FILE=DefaultBuild\USB_Config.obj
                                  00011cd0  00011cf0        21
FILE=DefaultBuild\MQTT.obj
                                  00011cf2  00011d05        14
FILE=errno
                                  00011d06  00011d07         2

SECTION=PFDL_COD
FILE=pfdl
                                  00011d08  00011d95        8e
  _PFDL_Open
                                  00011d08         0   none ,g         7
  PFDL_Open
                                  00011d08         0   none ,g         0
  _PFDL_Execute
                                  00011d23         0   none ,g         7
  PFDL_Execute
                                  00011d23         0   none ,g         0
  PFDL_Execute_firmware
                                  00011d59         0   none ,l         1
  PFDL_Execute_erase
                                  00011d63         0   none ,l         1
  PFDL_Execute_read
                                  00011d74         0   none ,l         1
  PFDL_Execute_read_next
                                  00011d78         0   none ,l         1
  PFDL_Execute_exit
                                  00011d83         0   none ,l         1
  _PFDL_Handler
                                  00011d84         0   none ,g         7
  PFDL_Handler
                                  00011d84         0   none ,g         0
  _PFDL_Close
                                  00011d8a         0   none ,g         7
  PFDL_Close
                                  00011d8a         0   none ,g         0

SECTION=.monitor2
FILE=rlink_generates_02
                                  0007fe00  0007ffff       200

SECTION=.dataR
FILE=DefaultBuild\r_main.obj
                                  000f8400  000f8404         5
  _m
                                  000f8400         1   data ,g         0
  _u8_mode_change_flag
                                  000f8401         1   data ,g         3
  _u8_i
                                  000f8402         1   data ,g         0
  _u8_j
                                  000f8403         1   data ,g         0
  _u8_status
                                  000f8404         1   data ,g         0
FILE=DefaultBuild\adc.obj
                                  000f8406  000f8407         2
  _u16_ADC_Value
                                  000f8406         2   data ,g         2
FILE=DefaultBuild\Battery_measure.obj
                                  000f8408  000f8411         a
  _u32_battery_sample_charge
                                  000f8408         4   data ,g        1b
  _u16_battery_charge
                                  000f840c         2   data ,g         4
  _u8_get_battery_status
                                  000f840e         1   data ,g         5
  _u16_battery_charge_count
                                  000f8410         2   data ,g         6
FILE=DefaultBuild\EEPROM.obj
                                  000f8412  000f8413         2
  _Error
                                  000f8412         1   data ,g         0
  _write_success
                                  000f8413         1   data ,g         3
FILE=DefaultBuild\gsm_gprs.obj
                                  000f8414  000f844f        3c
  _u8_GSM_Status
                                  000f8414         1   data ,g         2
  _u32_Gsm_At_Cmd_Tmo
                                  000f8416         4   data ,g         a
  _u8_TCP_Status
                                  000f841a         1   data ,g         4
  _u8_Network_Status
                                  000f841b         1   data ,g         5
  _u8_Recv_Data_Use_Flag
                                  000f841c         1   data ,g         0
  _vu16_Gsm_Rx_Tmo
                                  000f841e         2   data ,g         0
  _u16_sub_pkt_counter
                                  000f8420         2   data ,g         6
  _vu8_Recv_flag
                                  000f8422         1   data ,g         6
  _u8_Gsm_Rx_Pkt_Counter
                                  000f8423         1   data ,g        11
  _u8_Gsm_Rx_Status_Counter
                                  000f8424         1   data ,g         9
  _u8_Gsm_Rx_Status_Start_Counter
                                  000f8425         1   data ,g        30
  _u16_Gsm_Cur_Buffer_Count
                                  000f8426         2   data ,g         a
  _u16_Recv_Data_Count
                                  000f8428         2   data ,g         1
  _u16_Server_Data_Length
                                  000f842a         2   data ,g         0
  _u8_Server_Data_Recv_Flag
                                  000f842c         1   data ,g         0
  _u8_Gsm_Uart_Error_Flag
                                  000f842d         1   data ,g         0
  _u32_Gsm_Retry_Tmo
                                  000f842e         4   data ,g        12
  _u8_SIM_Insert
                                  000f8432         1   data ,g         5
  _u8_GSM_Com_Retry_count
                                  000f8433         1   data ,g         0
  _u8_Tcp_Reconnect_Count
                                  000f8434         1   data ,g         0
  _u8_PDP_Status
                                  000f8435         1   data ,g         1
  _u8_GSM_Send_Flag
                                  000f8436         1   data ,g         2
  _u8_CME_Error_Code
                                  000f8437         1   data ,g         5
  _u32_Network_Strength
                                  000f8438         4   data ,g        10
  _u16_CA0_length
                                  000f843c         2   data ,g         2
  _u16_CK0_length
                                  000f843e         2   data ,g         2
  _u8_FW_File_Size
                                  000f8440         f   data ,g         1
  _first_time_provisioning
                                  000f844f         1   data ,g         6
FILE=DefaultBuild\interval_timer.obj
                                  000f8450  000f8457         8
  _u16_Delay_ms
                                  000f8450         2   data ,g         4
  _u8_Key_Press_Timeout_counter
                                  000f8452         1   data ,g         4
  _u8_Button_Press
                                  000f8453         1   data ,g         6
  _power_on_status
                                  000f8454         1   data ,g         7
  _power_on_led_indication
                                  000f8455         1   data ,g         6
  _power_of_led_indication
                                  000f8456         1   data ,g         6
  _u8_button_press_wait
                                  000f8457         1   data ,g         3
FILE=DefaultBuild\mainhandler.obj
                                  000f8458  000f8486        2f
  _DConfig_DF_Ptr
                                  000f8458         2   data ,g         6
  _u8_System_Err
                                  000f845a         1   data ,g        1f
  _u16_DConfig_DF_Write_Position
                                  000f845c         2   data ,g         a
  _u32_RFID_DF_Write_Position
                                  000f845e         4   data ,g        11
  _u8_RFID_DF_Read_Ptr
                                  000f8462         2   data ,g         9
  _u32_Cert_DF_Write_Position
                                  000f8464         4   data ,g         d
  _u8_Cert_DF_Read_Ptr
                                  000f8468         2   data ,g         2
  _u32_CertPvt_DF_Write_Position
                                  000f846a         4   data ,g         9
  _u8_CertPvt_DF_Read_Ptr
                                  000f846e         2   data ,g         2
  _u8_APP_State
                                  000f8470         1   data ,g        1e
  _u32_current_scanning_timeout
                                  000f8472         4   data ,g        12
  _u32_RFID_New_Data_Location_Ptr
                                  000f8476         4   data ,g         b
  _u8_GSM_Data_Format_Sel
                                  000f847a         1   data ,g         b
  _u8_Device_State
                                  000f847b         1   data ,g         8
  _u8_mqtt_status
                                  000f847c         1   data ,g         8
  _u8_reset_flag
                                  000f847d         1   data ,g         2
  _u8_debug_mode_check
                                  000f847e         1   data ,g         5
  _u8_count
                                  000f847f         1   data ,g         3
  _u32_Current_Retry_Timeout
                                  000f8480         2   data ,g         a
  _u8_Wakeup_Hand_Shake_Stauts
                                  000f8482         1   data ,g         6
  _u8_previous_System_Err
                                  000f8483         1   data ,g         5
  _u8_Force_Start_Handshake_Flag
                                  000f8484         1   data ,g         4
  _u8_Force_Initial_RFID_Scan
                                  000f8485         1   data ,g         4
  _Registered_Flag
                                  000f8486         1   data ,g         0
FILE=DefaultBuild\RFID.obj
                                  000f8488  000f848e         7
  _u8_RFID_Packet_Counter
                                  000f8488         1   data ,g        14
  _u8_RFID_Get_Packet_Counter
                                  000f8489         1   data ,g         6
  _u8_RFID_data_ptr
                                  000f848a         1   data ,g        13
  _u16_RFID_Response_Tmo
                                  000f848c         2   data ,g         4
  _u8_RFID_Overflag
                                  000f848e         1   data ,g         2
FILE=DefaultBuild\USB_Config.obj
                                  000f8490  000f84b0        21
  _u8_USB_Cmd
                                  000f8490         1   data ,g         5
  _u8_USB_data_rcv_status
                                  000f8491         1   data ,g        13
  _u8_usb_byte_counter
                                  000f8492         1   data ,g         d
  _USB_data_rev_flg
                                  000f8493         1   data ,g         8
  _u16_new_time
                                  000f8494         2   data ,g         0
  _u16_URL_length
                                  000f8496         2   data ,g         3
  _usb_connection_success
                                  000f8498         1   data ,g         3
  _u8_USB_Config_Err
                                  000f8499         1   data ,g         3
  _u8_timezone
                                  000f849a        16   data ,g         9
  _update_done_flag
                                  000f84b0         1   data ,g         2
FILE=DefaultBuild\MQTT.obj
                                  000f84b2  000f84c5        14
  _MQTT_RECV_FLAG
                                  000f84b2         1   data ,g         9
  _MQTT_OPEN_FLAG
                                  000f84b3         1   data ,g         2
  _MQTT_STAT_FAIL
                                  000f84b4         1   data ,g         2
  _Reconnect_flag
                                  000f84b5         1   data ,g         0
  _MQTT_PUB_SUCC_FLAG
                                  000f84b6         1   data ,g         7
  _MQTT_PUB_SUCC_FLAG1
                                  000f84b7         1   data ,g         6
  _MQTT_SUB_SUCC_FLAG
                                  000f84b8         1   data ,g         1
  _MQTT_CONN_SUCCESS_FLAG
                                  000f84b9         1   data ,g         2
  _MQTT_PUB_FAIL_FLAG
                                  000f84ba         1   data ,g         4
  _MQTT_PDP_FAIL_FLAG
                                  000f84bb         1   data ,g         5
  _MQTT_PUB_RETRY_FLAG
                                  000f84bc         1   data ,g         7
  _MQT_PDP_RECONNECT_FLAG
                                  000f84bd         1   data ,g         0
  _MQT_RECONNECT_FLAG
                                  000f84be         1   data ,g         0
  _PEM_CERT
                                  000f84bf         1   data ,g         3
  _PVT_CERT
                                  000f84c0         1   data ,g         3
  _length1
                                  000f84c2         2   data ,g         4
  _length2
                                  000f84c4         2   data ,g         4
FILE=errno
                                  000f84c6  000f84c7         2
  _errno
                                  000f84c6         2   data ,g         3

SECTION=.bss
FILE=DefaultBuild\r_main.obj
                                  000f84c8  000f85c9       102
  _D_Config_Packet
                                  000f84c8       100   data ,g        ab
    union   {
                                                 100
      _D_Config_Packet.All
                                  000f84c8       100   unsigned char
      _D_Config_Packet.Member
                                  000f84c8       100
    struct  {
                                                 100
      _D_Config_Packet.Member.u32_scanning_timeout
                                  000f84c8         4   unsigned long
      _D_Config_Packet.Member.u8_day_start_time_hr
                                  000f84cc         2   unsigned short
      _D_Config_Packet.Member.u8_day_start_time_min
                                  000f84ce         1   unsigned char
      _D_Config_Packet.Member.u8_day_End_time_hr
                                  000f84cf         1   unsigned char
      _D_Config_Packet.Member.u8_day_End_time_min
                                  000f84d0         1   unsigned char
      _D_Config_Packet.Member.u8_current_time_hr
                                  000f84d1         1   unsigned char
      _D_Config_Packet.Member.u8_current_time_min
                                  000f84d2         1   unsigned char
      _D_Config_Packet.Member.u8_current_time_sec
                                  000f84d3         1   unsigned char
      _D_Config_Packet.Member.u8_current_date
                                  000f84d4         1   unsigned char
      _D_Config_Packet.Member.u8_current_month
                                  000f84d5         1   unsigned char
      _D_Config_Packet.Member.u16_current_year
                                  000f84d6         2   unsigned short
      _D_Config_Packet.Member.u8_password
                                  000f84d8         8   unsigned char
      _D_Config_Packet.Member.u16_GMT_hr
                                  000f84e0         2   unsigned short
      _D_Config_Packet.Member.u16_GMT_min
                                  000f84e2         2   unsigned short
      _D_Config_Packet.Member.u16_GMT_sec
                                  000f84e4         2   unsigned short
      _D_Config_Packet.Member.u8_timezone_sign
                                  000f84e6         1   unsigned char
      _D_Config_Packet.Member.u16_time_zone_hr
                                  000f84e8         2   unsigned short
      _D_Config_Packet.Member.u16_time_zone_min
                                  000f84ea         2   unsigned short
      _D_Config_Packet.Member.u8_URL
                                  000f84ec        80   unsigned char
      _D_Config_Packet.Member.u8_apn
                                  000f856c        12   unsigned char
      _D_Config_Packet.Member.u16_Config_id
                                  000f857e         2   unsigned short
      _D_Config_Packet.Member.u16_Version_id
                                  000f8580         2   unsigned short
      _D_Config_Packet.Member.u8_dummy1
                                  000f8582         6   unsigned char
      _D_Config_Packet.Member.Registration_Flag
                                  000f8588         1   unsigned char
      _D_Config_Packet.Member.Provinsion_Flag
                                  000f8589         1   unsigned char
      _D_Config_Packet.Member.u8_Dummy_Byte
                                  000f858a        39   unsigned char
      _D_Config_Packet.Member.u32_Checksum_Value
                                  000f85c4         4   unsigned long
    }
    }
  _u8_Configuration_mode
                                  000f85c8         1   data ,g         8
  _ret
                                  000f85c9         1   data ,g         0
FILE=DefaultBuild\r_cg_serial.obj
                                  000f85ca  000f85e7        1e
  _gp_uart0_tx_address
                                  000f85ca         2   data ,g         5
  _g_uart0_tx_count
                                  000f85cc         2   data ,g         4
  _gp_uart0_rx_address
                                  000f85ce         2   data ,g         3
  _g_uart0_rx_count
                                  000f85d0         2   data ,g         4
  _g_uart0_rx_length
                                  000f85d2         2   data ,g         3
  _gp_uart1_tx_address
                                  000f85d4         2   data ,g         5
  _g_uart1_tx_count
                                  000f85d6         2   data ,g         4
  _gp_uart1_rx_address
                                  000f85d8         2   data ,g         3
  _g_uart1_rx_count
                                  000f85da         2   data ,g         4
  _g_uart1_rx_length
                                  000f85dc         2   data ,g         3
  _gp_uart2_tx_address
                                  000f85de         2   data ,g         5
  _g_uart2_tx_count
                                  000f85e0         2   data ,g         4
  _gp_uart2_rx_address
                                  000f85e2         2   data ,g         3
  _g_uart2_rx_count
                                  000f85e4         2   data ,g         4
  _g_uart2_rx_length
                                  000f85e6         2   data ,g         3
FILE=DefaultBuild\r_cg_serial_user.obj
                                  000f85e8  000f85ea         3
  _gsm_rx_data
                                  000f85e8         1   data ,g         5
  _usb_rx_data
                                  000f85e9         1   data ,g         3
  _rfid_rx_data
                                  000f85ea         1   data ,g         3
FILE=DefaultBuild\gsm_gprs.obj
                                  000f85ec  000fa41c      1e31
  _vu8_Gsm_Rx_Buffer
                                  000f85ec      1770   data ,g        38
  _vu8_Recv_Data
                                  000f9d5c         a   data ,g         0
  _vu8_GSM_Packet_Status
                                  000f9d66        1e   data ,g         5
  _u8_gsm_gprs_rx
                                  000f9d84         1   data ,g         0
  _u8_GSM_Response_Identifier
                                  000f9d85        c8   data ,g        18
  _u8_SSL_String
                                  000f9e4d        32   data ,g         8
  _u8_Network_Sec
                                  000f9e7f         1   data ,g         7
  _u8_Network_Min
                                  000f9e80         1   data ,g         7
  _u8_Network_Hr
                                  000f9e81         1   data ,g         7
  _u8_Network_Date
                                  000f9e82         1   data ,g         7
  _u8_Network_Month
                                  000f9e83         1   data ,g         7
  _u8_Network_Year
                                  000f9e84         1   data ,g         7
  _u8_URC_Response
                                  000f9e85        32   data ,g         2
  _u8_SIM_Status
                                  000f9eb7        32   data ,g         2
  _u8_network_Location_buf
                                  000f9ee9         a   data ,g         2
  _u8_network_mode
                                  000f9ef3         1   data ,g         5
  _u8_APN_Buf
                                  000f9ef4        32   data ,g         2
  _u16_CC0_length
                                  000f9f26         2   data ,g         2
  _u8_GSM_Data_String
                                  000f9f28        96   data ,g         8
  _u8_temp_buff
                                  000f9fbe       400   data ,g         2
  _CCID_num
                                  000fa3be        1e   data ,g         9
  _IMEI_num
                                  000fa3dc        1e   data ,g        1a
  _clock
                                  000fa3fa        23   data ,g         4
FILE=DefaultBuild\interval_timer.obj
                                  000fa41e  000fa41e         1
  _u8_Key_interrupt_flag
                                  000fa41e         1   data ,g         3
FILE=DefaultBuild\mainhandler.obj
                                  000fa420  000fa455        36
  _u8_RFID_New_Data_Count
                                  000fa420         1   data ,g         c
  _u8_RFID_Current_Packet
                                  000fa421         1   data ,g         d
  _u8_SSL_Connection_retry_count
                                  000fa422         1   data ,g         3
  _u8_Debug_Key_flag
                                  000fa423         1   data ,g         6
  _u8_RFID_Fail_Retry_Count
                                  000fa424         1   data ,g         3
  _u8_PDP_activate_retry_count
                                  000fa425         1   data ,g         1
  _u8_GSM_Init_Retry_count
                                  000fa426         1   data ,g         6
  _u8_RFID_Send_Retry_Count
                                  000fa427         1   data ,g         6
  _u8_HTTP_response
                                  000fa428         a   data ,g         0
  _u8_LED_Set_Blink_Count
                                  000fa432         1   data ,g         a
  _u8_Debug_LED_Number_Of_Blinks
                                  000fa433         1   data ,g         3
  _u8_Debug_LED_Set_Number_Of_Blinks
                                  000fa434         1   data ,g         4
  _u16_DEBUG_LED_Blink_Count
                                  000fa436         2   data ,g         a
  _u16_DEBUG_LED_Set_Blink_Count
                                  000fa438         2   data ,g         4
  _u16_DATA_LED_Blink_Count
                                  000fa43a         2   data ,g         e
  _u16_PDP_LED_Blink_Count
                                  000fa43c         2   data ,g         e
  _u8_TestRFID
                                  000fa43e        18   data ,g         0
FILE=DefaultBuild\RFID.obj
                                  000fa456  000fa667       212
  _RFID_DF_Data_Packet
                                  000fa456        10   data ,g         e
    union   {
                                                  10
      _RFID_DF_Data_Packet.All
                                  000fa456        10   unsigned char
      _RFID_DF_Data_Packet.Member
                                  000fa456        10
    struct  {
                                                  10
      _RFID_DF_Data_Packet.Member.u8_RFID_data
                                  000fa456         c   unsigned char
      _RFID_DF_Data_Packet.Member.u32_Checksum_Value
                                  000fa462         4   unsigned long
    }
    }
  _u8_RFID_Pool
                                  000fa466       1e0   data ,g        15
    union   {
                                                  18
      _u8_RFID_Pool.All
                                  000fa466        18   unsigned char
      _u8_RFID_Pool.Member
                                  000fa466        18
    struct  {
                                                  18
      _u8_RFID_Pool.Member.u8_RFID_Header
                                  000fa466         1   unsigned char
      _u8_RFID_Pool.Member.u8_RFID_Type
                                  000fa467         1   unsigned char
      _u8_RFID_Pool.Member.u8_RFID_Command
                                  000fa468         1   unsigned char
      _u8_RFID_Pool.Member.u8_RFID_len_MSB
                                  000fa469         1   unsigned char
      _u8_RFID_Pool.Member.u8_RFID_len_LSB
                                  000fa46a         1   unsigned char
      _u8_RFID_Pool.Member.Paramter
                                  000fa46b        11   unsigned char
      _u8_RFID_Pool.Member.u8_RFID_checksum
                                  000fa47c         1   unsigned char
      _u8_RFID_Pool.Member.u8_RFID_END
                                  000fa47d         1   unsigned char
    }
    }
  _u8_RFID_Data_Received
                                  000fa646        14   data ,g         a
  _u16_RFID_len
                                  000fa65a         2   data ,g         6
  _u16_RFID_RX_Tmo
                                  000fa65c         2   data ,g         4
  _u8_RFID_Parameter
                                  000fa65e         a   data ,g         8
FILE=DefaultBuild\RTC.obj
                                  000fa668  000fa674         d
  _u8_system_current_hour
                                  000fa668         1   data ,g         a
  _u8_system_current_min
                                  000fa669         1   data ,g         a
  _u8_system_current_sec
                                  000fa66a         1   data ,g         4
  _u8_system_current_date
                                  000fa66b         1   data ,g         5
  _u8_system_current_month
                                  000fa66c         1   data ,g         6
  _u8_system_current_year
                                  000fa66d         1   data ,g         6
  _rtc_System_Time
                                  000fa66e         7   data ,g        14
    struct  {
                                                   7
      _rtc_System_Time.sec
                                  000fa66e         1   unsigned char
      _rtc_System_Time.min
                                  000fa66f         1   unsigned char
      _rtc_System_Time.hour
                                  000fa670         1   unsigned char
      _rtc_System_Time.day
                                  000fa671         1   unsigned char
      _rtc_System_Time.week
                                  000fa672         1   unsigned char
      _rtc_System_Time.month
                                  000fa673         1   unsigned char
      _rtc_System_Time.year
                                  000fa674         1   unsigned char
    }
FILE=DefaultBuild\uart.obj
                                  000fa676  000fa678         3
  _u8_uart0_Tx_Flag
                                  000fa676         1   data ,g         3
  _u8_uart1_Tx_Flag
                                  000fa677         1   data ,g         3
  _u8_uart2_Tx_Flag
                                  000fa678         1   data ,g         3
FILE=DefaultBuild\USB_Config.obj
                                  000fa67a  000fa727        ae
  _u8_usb_configration_buffer
                                  000fa67a        64   data ,g        27
  _u8_usb_data
                                  000fa6de         a   data ,g         2
  _u8_range
                                  000fa6e8         a   data ,g         0
  _u16_USB_detection_timeout
                                  000fa6f2         2   data ,g         0
  _u8_new_password
                                  000fa6f4         7   data ,g         5
  _u16_apn_length
                                  000fa6fc         2   data ,g         2
  _rtc_current_counter_value
[...]
                                          0031(0000ff32:.textf)
                                          0031(00010383:.textf)
                                          0034(00010c59:.textf)
                                          0034(00010d5e:.textf)
                                          0034(0001162f:.textf)
                                          0034(00011796:.textf)
                                          0034(000118ed:.textf)
0043 strlen
     SECTION=.SLIB
                 _strlen
                                 00008c2e 0024(0000c066:.textf)
                                          0024(0000cce2:.textf)
                                          0024(0000ccea:.textf)
                                          0026(0000e046:.textf)
                                          0026(0000e087:.textf)
                                          0026(0000e09c:.textf)
                                          0026(0000e0b7:.textf)
                                          0026(0000e0cf:.textf)
                                          0031(0000fbaa:.textf)
                                          0031(0000fbbe:.textf)
                                          0031(0000fd4f:.textf)
                                          0034(000107a1:.textf)
                                          0034(00010956:.textf)
                                          0034(00010aa8:.textf)
                                          0034(00010f37:.textf)
                                          0034(00011030:.textf)
                                          0034(00011142:.textf)
                                          0034(00011235:.textf)
                                          0034(000115b3:.textf)
                                          0034(000116fa:.textf)
                                          0034(00011861:.textf)
                                          0034(000119a5:.textf)
                                          0034(000119af:.textf)
0044 strncpy
     SECTION=.SLIB
                 _strncpy
                                 00008c39 0031(0000ff6e:.textf)
                                          0031(0001000e:.textf)
                                          0031(000100ac:.textf)
                                          0031(00010131:.textf)
                                          0031(000101b7:.textf)
                                          0031(00010228:.textf)
                                          0031(0001029a:.textf)
                                          0031(000102f9:.textf)
                                          0031(000103bf:.textf)
                                          0031(00010468:.textf)
                                          0034(00010c32:.textf)
                                          0034(00010d37:.textf)
                                          0034(00011605:.textf)
                                          0034(0001176c:.textf)
                                          0034(000118c6:.textf)
0045 strstr
     SECTION=.SLIB
                 _strstr
                                 00008c4d 0031(0000ff3e:.textf)
                                          0031(0000ffde:.textf)
                                          0031(0001007f:.textf)
                                          0031(00010104:.textf)
                                          0031(0001018a:.textf)
                                          0031(000101fb:.textf)
                                          0031(0001026d:.textf)
                                          0031(000102cc:.textf)
                                          0031(0001038f:.textf)
                                          0031(00010438:.textf)
                                          0034(000106d5:.textf)
                                          0034(00010c05:.textf)
                                          0034(00010c72:.textf)
                                          0034(00010d07:.textf)
                                          0034(00010e33:.textf)
                                          0034(00010e59:.textf)
                                          0034(000115d5:.textf)
                                          0034(00011722:.textf)
                                          0034(00011889:.textf)
0046 strtok
     SECTION=.SLIB
                 _strtok
                                 00008c6c 0034(00011654:.textf)
                                          0034(000116a2:.textf)
                                          0034(000116e1:.textf)
                                          0034(000117bb:.textf)
                                          0034(00011809:.textf)
                                          0034(00011848:.textf)
     SECTION=.bss
0047 memcpy
     SECTION=.RLIB
                 _memcpy
                                 00007f0f 0029(0000f363:.textf)
                                          0034(000115a4:.textf)
0048 memset
     SECTION=.RLIB
                 _memset
                                 00007f20 0024(0000cc25:.textf)
                                          0024(0000d02a:.textf)
                                          0024(0000d03b:.textf)
                                          0024(0000d146:.textf)
                                          0024(0000d151:.textf)
                                          0026(0000dd05:.textf)
                                          0026(0000de9d:.textf)
                                          0026(0000deff:.textf)
                                          0026(0000df5f:.textf)
                                          0026(0000df8c:.textf)
                                          0028(0000f097:.textf)
                                          0031(0000fd9b:.textf)
                                          0034(00011668:.textf)
                                          0034(0001173a:.textf)
                                          0034(00011747:.textf)
                                          0034(000117cf:.textf)
                                          0034(000118a1:.textf)
0049 _COM_fdiv
     SECTION=.RLIB
                 __COM_fdiv
                                 00007f8d 0022(0000badc:.textf)
                                          0064(0000a56d:.SLIB)
0050 _COM_fmul
     SECTION=.RLIB
                 __COM_fmul
                                 00008106 0022(0000ba69:.textf)
                                          0022(0000ba77:.textf)
                                          0022(0000baeb:.textf)
                                          0064(000099f8:.SLIB)
                                          0064(0000a54c:.SLIB)
0051 _COM_ftoul
     SECTION=.RLIB
                 __COM_ftoul
                                 000081d8 0022(0000ba7d:.textf)
                                          0022(0000baf1:.textf)
0052 _COM_imul
     SECTION=.RLIB
                 __COM_imul
                                 000081e4 0024(0000d2f2:.textf)
                                          0024(0000d3f7:.textf)
                                          0024(0000d419:.textf)
                                          0024(0000d481:.textf)
                                          0024(0000d4a3:.textf)
                                          0024(0000d50a:.textf)
                                          0024(0000d52c:.textf)
                                          0024(0000d596:.textf)
                                          0024(0000d5b8:.textf)
                                          0024(0000d690:.textf)
                                          0024(0000d6b2:.textf)
                                          0024(0000d73f:.textf)
                                          0024(0000d74f:.textf)
                                          0024(0000d783:.textf)
                                          0024(0000d80b:.textf)
                                          0024(0000d82d:.textf)
                                          0024(0000d88a:.textf)
                                          0024(0000d8a4:.textf)
                                          0024(0000d8cb:.textf)
                                          0024(0000d8e5:.textf)
                                          0024(0000d907:.textf)
                                          0024(0000d92b:.textf)
                                          0024(0000d956:.textf)
                                          0034(00011ac5:.textf)
                                          0034(00011ade:.textf)
                                          0034(00011b87:.textf)
                                          0034(00011ba0:.textf)
0053 _COM_lmul
     SECTION=.RLIB
                 __COM_lmul
                                 000081f3 0024(0000c73b:.textf)
                                          0031(0000f843:.textf)
                                          0031(0000f884:.textf)
                                          0031(0000f8ca:.textf)
                                          0031(0000f919:.textf)
                                          0031(0000f95a:.textf)
                                          0031(0000f9a0:.textf)
                                          0031(0000faf6:.textf)
                                          0061(00008e13:.SLIB)
0054 _COM_lshl
     SECTION=.RLIB
                 __COM_lshl
                                 00008224 0031(0000f6bd:.textf)
0055 _COM_uidiv
     SECTION=.RLIB
                 __COM_uidiv
                                 00008238 0029(0000f273:.textf)
                                          0029(0000f29c:.textf)
                                          0029(0000f2c5:.textf)
                                          0029(0000f2ee:.textf)
                                          0029(0000f317:.textf)
                                          0029(0000f340:.textf)
                                          0029(0000f3de:.textf)
                                          0034(00011ab6:.textf)
                                          0034(00011b78:.textf)
                                          0064(00009ac9:.SLIB)
                                          0064(0000a519:.SLIB)
                                          0081(0000844e:.RLIB)
0056 _COM_uirem
     SECTION=.RLIB
                 __COM_uirem
                                 00008260 0029(0000f268:.textf)
                                          0029(0000f291:.textf)
                                          0029(0000f2ba:.textf)
                                          0029(0000f2e3:.textf)
                                          0029(0000f30c:.textf)
                                          0029(0000f335:.textf)
                                          0029(0000f3d3:.textf)
                                          0064(0000a512:.SLIB)
                                          0082(0000846e:.RLIB)
0057 _COM_uldiv
     SECTION=.RLIB
                 __COM_uldiv
                                 0000828e 0031(0000f6f9:.textf)
                                          0061(00008df2:.SLIB)
                                          0064(0000933b:.SLIB)
0058 _COM_ulrem
     SECTION=.RLIB
                 __COM_ulrem
                                 000082c7 0026(0000e439:.textf)
                                          0031(0000f56c:.textf)
                                          0064(00009329:.SLIB)
0059 _COM_ultof
     SECTION=.RLIB
                 __COM_ultof
                                 000082ff 0022(0000ba5b:.textf)
                                          0022(0000bace:.textf)
0060 errno
     SECTION=.dataR
                 _errno
                                 000f84c6 0037(00008b18:.SLIB)
                                          0037(00008b2f:.SLIB)
                                          0061(00008e6b:.SLIB)
     SECTION=.data
0061 strtol
     SECTION=.SLIB
                 _strtol
                                 00008cc9 0037(00008b03:.SLIB)
0062 _COM_strpbrk_ff
     SECTION=.SLIB
                 __COM_strpbrk_ff
                                 00008eb2 0046(00008c8c:.SLIB)
0063 _COM_strspn_ff
     SECTION=.SLIB
                 __COM_strspn_ff
                                 00008ed5 0046(00008c81:.SLIB)
0064 _REL_print
     SECTION=.SLIB
                 __REL_print
                                 00008efb 0038(00008b9c:.SLIB)
     SECTION=.constf
     SECTION=.bss
0065 _REL_ftol
     SECTION=.RLIB
                 __REL_ftol
                                 00008305 0051(000081de:.RLIB)
                                          0078(00008403:.RLIB)
0066 _REL_f_inf
     SECTION=.RLIB
                 __REL_f_inf
                                 0000833a 0049(00007f77:.RLIB)
                                          0049(00008076:.RLIB)
                                          0050(000080d8:.RLIB)
                                          0050(000081ab:.RLIB)
0067 _REL_f_norm
     SECTION=.RLIB
                 __REL_f_norm
                                 00008342 0049(00007f58:.RLIB)
                                          0049(00007f83:.RLIB)
                                          0050(000080f9:.RLIB)
0068 _REL_f_round
     SECTION=.RLIB
                 __REL_f_round
                                 00008352 0049(000080b8:.RLIB)
                                          0050(000081b8:.RLIB)
0069 _REL_ltof
     SECTION=.RLIB
                 __REL_ltof
                                 00008365 0059(00008302:.RLIB)
0070 isalnum
     SECTION=.SLIB
                 _isalnum
                                 0000ac91 0061(00008e89:.SLIB)
0071 isdigit
     SECTION=.SLIB
                 _isdigit
                                 0000aca9 0061(00008e95:.SLIB)
                                          0064(0000a3be:.SLIB)
0072 isspace
     SECTION=.SLIB
                 _isspace
                                 0000acb3 0061(00008ce6:.SLIB)
0073 isupper
     SECTION=.SLIB
                 _isupper
                                 0000acc2 0061(00008ea8:.SLIB)
0074 _COM_feq
     SECTION=.RLIB
                 __COM_feq
                                 000083af 0064(00009747:.SLIB)
                                          0077(000083fa:.RLIB)
0075 _COM_fge
     SECTION=.RLIB
                 __COM_fge
                                 000083c5 0064(0000a545:.SLIB)
0076 _COM_flt
     SECTION=.RLIB
                 __COM_flt
                                 000083db 0064(00009d5a:.SLIB)
                                          0064(00009db5:.SLIB)
                                          0064(0000a566:.SLIB)
0077 _COM_fne
     SECTION=.RLIB
                 __COM_fne
                                 000083f1 0064(00009859:.SLIB)
                                          0064(0000998a:.SLIB)
                                          0064(00009d43:.SLIB)
0078 _COM_ftosl
     SECTION=.RLIB
                 __COM_ftosl
                                 00008402 0064(00009a11:.SLIB)
0079 _COM_funordered
     SECTION=.RLIB
                 __COM_funordered
                                 0000840a 0064(0000a53e:.SLIB)
                                          0064(0000a558:.SLIB)
0080 _COM_lshr
     SECTION=.RLIB
                 __COM_lshr
                                 0000841f 0065(00008331:.RLIB)
0081 _COM_sidiv
     SECTION=.RLIB
                 __COM_sidiv
                                 00008438 0064(00009eaf:.SLIB)
                                          0064(0000a9ec:.SLIB)
0082 _COM_sirem
     SECTION=.RLIB
                 __COM_sirem
                                 00008458 0064(00009ea4:.SLIB)
0083 _COM_ulldiv
     SECTION=.RLIB
                 __COM_ulldiv
                                 00008478 0064(000092c6:.SLIB)
0084 _COM_ullrem
     SECTION=.RLIB
                 __COM_ullrem
                                 000084a2 0064(000092a0:.SLIB)
0085 _REL_fcmp
     SECTION=.RLIB
                 __REL_fcmp
                                 000084d3 0074(000083b9:.RLIB)
                                          0075(000083cf:.RLIB)
                                          0076(000083e5:.RLIB)
0086 _REL_fordered_core
     SECTION=.RLIB
                 __REL_fordered_core
                                 0000850b 0074(000083b2:.RLIB)
                                          0075(000083c8:.RLIB)
                                          0076(000083de:.RLIB)
                                          0079(0000840d:.RLIB)
0087 _REL_lldiv
     SECTION=.RLIB
                 __REL_lldiv
                                 0000855c 0083(0000849f:.RLIB)
0088 _REL_llrem
     SECTION=.RLIB
                 __REL_llrem
                                 00008839 0084(000084d0:.RLIB)
0089 _REL_ltosl
     SECTION=.RLIB
                 __REL_ltosl
                                 00008ad9 0078(00008407:.RLIB)
0090 rlink_generates_01
     SECTION=.option_byte
0091 rlink_generates_02
     SECTION=.monitor1
     SECTION=.monitor2
0092 rlink_generates_03
     SECTION=.security_id
0093 rlink_generates_04
     SECTION=.vect
0094 rlink_generates_05
     SECTION=
                 __s.vect
                                 00000000
                 __e.vect
                                 00000080
                 __s.option_byte
                                 000000c0
                 __e.option_byte
                                 000000c4
                 __s.security_id
                                 000000c4
                 __s.monitor1
                                 000000ce
                 __e.security_id
                                 000000ce
                 __e.monitor1
                                 000000d8
                 __s.jtext_AT3000
                                 00003000
                 __e.jtext_AT3000
                                 000030cc
                 __s.const
                                 00003200
                 __s.text
                                 00007ec0
                 __e.const
                                 00007ec0
                 __e.text
                                 00007f0f
                 __s.RLIB
                                 00007f0f
                 __e.RLIB
                                 00008afe
                 __s.SLIB
                                 00008afe
                 __s.textf
                                 0000accc
                 __e.SLIB
                                 0000accc
                 __e.textf
                                 00011c2c
                 __s.constf
                                 00011c2c
                 __e.constf
                                 00011c40
                 __s.data
                                 00011c40
                 __e.data
                                 00011d08
                 __s.sdata
                                 00011d08
                 __e.sdata
                                 00011d08
                 __sPFDL_COD
                                 00011d08
                 __ePFDL_COD
                                 00011d96
                 __s.monitor2
                                 0007fe00
                 __e.monitor2
                                 00080000
                 __RAM_ADDR_START
                                 000f7f00
                 __s.dataR
                                 000f8400
                 __s.bss
                                 000f84c8
                 __e.dataR
                                 000f84c8
                 __e.bss
                                 000fd0ec
                 __STACK_ADDR_END
                                 000fd0ec
                 __s.sbss
                                 000ffe80
                 __e.sbss
                                 000ffe80
                 __s.sdataR
                                 000ffe80
                 __e.sdataR
                                 000ffe80
                 __STACK_ADDR_START
                                 000ffe80
                 __RAM_ADDR_END
                                 000ffee0
